<html>
<body>
<pre>
<h1>µVision Build Log</h1>
<h2>Tool Versions:</h2>
IDE-Version: £gVision V5.40.0.0
Copyright (C) 2024 ARM Ltd and ARM Germany GmbH. All rights reserved.
License Information: a USER, a, LIC=----
 
Tool Versions:
Toolchain:       MDK-Lite  Version: 5.40.0.3
Toolchain Path:  C:\Users\User\AppData\Local\Keil_v5\ARM\ARMCLANG\Bin
C Compiler:      ArmClang.exe V6.22
Assembler:       Armasm.exe V6.22
Linker/Locator:  ArmLink.exe V6.22
Library Manager: ArmAr.exe V6.22
Hex Converter:   FromElf.exe V6.22
CPU DLL:         SARMCM3.DLL V5.40.0.3
Dialog DLL:      DARMCM1.DLL V1.19.6.0
Target DLL:      STLink\ST-LINKIII-KEIL_SWO.dll V3.3.0.0
Dialog DLL:      TARMCM1.DLL V1.14.6.0
 
<h2>Project:</h2>
C:\Users\User\Desktop\M0\M0_project\M0_test1\MDK-ARM\M0_test1.uvprojx
Project File Date:  11/21/2025

<h2>Output:</h2>
*** Using Compiler 'V6.22', folder: 'C:\Users\User\AppData\Local\Keil_v5\ARM\ARMCLANG\Bin'
Build target 'M0_test1'
assembling startup_stm32f072xb.s...
compiling stm32f0xx_it.c...
compiling stm32f0xx_hal_msp.c...
compiling main.c...
compiling stm32f0xx_hal_uart_ex.c...
compiling stm32f0xx_hal_rcc.c...
compiling stm32f0xx_hal.c...
compiling stm32f0xx_hal_rcc_ex.c...
compiling stm32f0xx_hal_i2c_ex.c...
compiling stm32f0xx_hal_gpio.c...
compiling stm32f0xx_hal_dma.c...
compiling stm32f0xx_hal_uart.c...
compiling stm32f0xx_hal_pwr.c...
compiling stm32f0xx_hal_cortex.c...
compiling stm32f0xx_hal_pwr_ex.c...
compiling stm32f0xx_hal_flash.c...
compiling system_stm32f0xx.c...
compiling stm32f0xx_hal_exti.c...
compiling stm32f0xx_hal_flash_ex.c...
compiling stm32f0xx_hal_i2c.c...
linking...
Program Size: Code=4690 RO-data=298 RW-data=12 ZI-data=1172  
FromELF: creating hex file...
"M0_test1\M0_test1.axf" - 0 Error(s), 0 Warning(s).

<h2>Software Packages used:</h2>

Package Vendor: ARM
                https://www.keil.com/pack/ARM.CMSIS.6.1.0.pack
                ARM::CMSIS@6.1.0
                CMSIS (Common Microcontroller Software Interface Standard)
   * Component: CORE Version: 6.1.0

Package Vendor: Keil
                https://www.keil.com/pack/Keil.STM32F0xx_DFP.3.1.1.pack
                Keil::STM32F0xx_DFP@3.1.1
                STMicroelectronics STM32F0 Series Device Support

<h2>Collection of Component include folders:</h2>
  ./RTE/_M0_test1
  C:/Users/User/AppData/Local/Arm/Packs/ARM/CMSIS/6.1.0/CMSIS/Core/Include

<h2>Collection of Component Files used:</h2>

   * Component: ARM::CMSIS:CORE@6.1.0
      Include file:  CMSIS/Core/Include/tz_context.h
Build Time Elapsed:  00:00:03
</pre>
</body>
</html>
