<html>
<body>
<pre>
<h1>µVision Build Log</h1>
<h2>Tool Versions:</h2>
IDE-Version: £gVision V5.40.0.0
Copyright (C) 2024 ARM Ltd and ARM Germany GmbH. All rights reserved.
License Information: a USER, a, LIC=----
 
Tool Versions:
Toolchain:       MDK-Lite  Version: 5.40.0.3
Toolchain Path:  C:\Users\User\AppData\Local\Keil_v5\ARM\ARMCLANG\Bin
C Compiler:      ArmClang.exe V6.22
Assembler:       Armasm.exe V6.22
Linker/Locator:  ArmLink.exe V6.22
Library Manager: ArmAr.exe V6.22
Hex Converter:   FromElf.exe V6.22
CPU DLL:         SARMCM3.DLL V5.40.0.3
Dialog DLL:      DARMCM1.DLL V1.19.6.0
Target DLL:      STLink\ST-LINKIII-KEIL_SWO.dll V3.3.0.0
Dialog DLL:      TARMCM1.DLL V1.14.6.0
 
<h2>Project:</h2>
C:\Users\User\Desktop\M0\M0_project\Timer_control\MDK-ARM\Timer_control.uvprojx
Project File Date:  04/17/2026

<h2>Output:</h2>
*** Using Compiler 'V6.22', folder: 'C:\Users\User\AppData\Local\Keil_v5\ARM\ARMCLANG\Bin'
Rebuild target 'Timer_control'
assembling startup_stm32f072xb.s...
../../../../usart_cubemx_2024.c(59): warning: while loop has empty body [-Wempty-body]
   59 |   while (!(USARTx->ISR & (1ul << 7)));            // check bit 7 if transmit data register empty ? 1 means empty
      |                                      ^
../../../../usart_cubemx_2024.c(59): note: put the semicolon on a separate line to silence this warning
1 warning generated.
compiling usart_cubemx_2024.c...
compiling stm32f0xx_it.c...
compiling melody_control.c...
compiling stm32f0xx_hal_msp.c...
compiling main.c...
compiling dht_control.c...
compiling timer_control.c...
compiling stm32f0xx_hal.c...
compiling stm32f0xx_hal_rcc_ex.c...
compiling stm32f0xx_hal_i2c_ex.c...
compiling stm32f0xx_hal_rcc.c...
compiling stm32f0xx_hal_gpio.c...
compiling stm32f0xx_hal_tim_ex.c...
compiling stm32f0xx_hal_dma.c...
compiling stm32f0xx_hal_pwr.c...
compiling stm32f0xx_hal_cortex.c...
compiling stm32f0xx_hal_pwr_ex.c...
compiling stm32f0xx_hal_flash.c...
compiling stm32f0xx_hal_flash_ex.c...
compiling stm32f0xx_hal_exti.c...
compiling system_stm32f0xx.c...
compiling stm32f0xx_hal_uart_ex.c...
compiling retarget_io.c...
compiling stm32f0xx_hal_tim.c...
compiling stm32f0xx_hal_i2c.c...
compiling stm32f0xx_hal_uart.c...
linking...
Program Size: Code=12648 RO-data=512 RW-data=40 ZI-data=1400  
FromELF: creating hex file...
"Timer_control\Timer_control.axf" - 0 Error(s), 1 Warning(s).

<h2>Software Packages used:</h2>

Package Vendor: ARM
                https://www.keil.com/pack/ARM.CMSIS.6.1.0.pack
                ARM::CMSIS@6.1.0
                CMSIS (Common Microcontroller Software Interface Standard)
   * Component: CORE Version: 6.1.0

Package Vendor: ARM
                https://www.keil.com/pack/ARM.CMSIS-Compiler.2.1.0.pack
                ARM::CMSIS-Compiler@2.1.0
                CMSIS Compiler extensions for Arm Compiler, GCC, Clang, and IAR Compiler
   * Component: STDOUT Version: 1.1.0
   * Component: CORE Version: 1.1.0
   * Component: Custom Version: 1.1.0

Package Vendor: Keil
                https://www.keil.com/pack/Keil.STM32F0xx_DFP.3.1.1.pack
                Keil::STM32F0xx_DFP@3.1.1
                STMicroelectronics STM32F0 Series Device Support

<h2>Collection of Component include folders:</h2>
  ./RTE/_Timer_control
  C:/Users/User/AppData/Local/Arm/Packs/ARM/CMSIS-Compiler/2.1.0/include
  C:/Users/User/AppData/Local/Arm/Packs/ARM/CMSIS/6.1.0/CMSIS/Core/Include

<h2>Collection of Component Files used:</h2>

   * Component: ::CMSIS-Compiler:STDOUT(API)@1.1.0
      Include file:  include/retarget_stdout.h

   * Component: ARM::CMSIS-Compiler:CORE@1.1.0
      Source file:   source/armcc/retarget_io.c

   * Component: ARM::CMSIS-Compiler:STDOUT:Custom@1.1.0
      Source file:   template/stdio/stdout_user.c

   * Component: ARM::CMSIS:CORE@6.1.0
      Include file:  CMSIS/Core/Include/tz_context.h
Build Time Elapsed:  00:00:03
</pre>
</body>
</html>
