Component: Arm Compiler for Embedded 6.22 Tool: armlink [5ee90200]

==============================================================================

Section Cross References

    startup_stm32f072xb.o(RESET) refers to startup_stm32f072xb.o(STACK) for __initial_sp
    startup_stm32f072xb.o(RESET) refers to startup_stm32f072xb.o(.text) for Reset_Handler
    startup_stm32f072xb.o(RESET) refers to stm32f0xx_it.o(.text.NMI_Handler) for NMI_Handler
    startup_stm32f072xb.o(RESET) refers to stm32f0xx_it.o(.text.HardFault_Handler) for HardFault_Handler
    startup_stm32f072xb.o(RESET) refers to stm32f0xx_it.o(.text.SVC_Handler) for SVC_Handler
    startup_stm32f072xb.o(RESET) refers to stm32f0xx_it.o(.text.PendSV_Handler) for PendSV_Handler
    startup_stm32f072xb.o(RESET) refers to stm32f0xx_it.o(.text.SysTick_Handler) for SysTick_Handler
    startup_stm32f072xb.o(RESET) refers to stm32f0xx_it.o(.text.TIM2_IRQHandler) for TIM2_IRQHandler
    startup_stm32f072xb.o(RESET) refers to stm32f0xx_it.o(.text.TIM3_IRQHandler) for TIM3_IRQHandler
    startup_stm32f072xb.o(RESET) refers to stm32f0xx_it.o(.text.TIM6_DAC_IRQHandler) for TIM6_DAC_IRQHandler
    startup_stm32f072xb.o(.text) refers to system_stm32f0xx.o(.text.SystemInit) for SystemInit
    startup_stm32f072xb.o(.text) refers to entry.o(.ARM.Collect$$$$00000000) for __main
    usart_cubemx_2024.o(.ARM.exidx.text.stdout_init) refers to usart_cubemx_2024.o(.text.stdout_init) for [Anonymous Symbol]
    usart_cubemx_2024.o(.ARM.exidx.text.stdout_putchar) refers to usart_cubemx_2024.o(.text.stdout_putchar) for [Anonymous Symbol]
    usart_cubemx_2024.o(.ARM.exidx.text.stdin_init) refers to usart_cubemx_2024.o(.text.stdin_init) for [Anonymous Symbol]
    usart_cubemx_2024.o(.ARM.exidx.text.stdin_getchar) refers to usart_cubemx_2024.o(.text.stdin_getchar) for [Anonymous Symbol]
    lcm_control.o(.text.HD44780A_Out_4bit) refers to stm32f0xx_hal_gpio.o(.text.HAL_GPIO_WritePin) for HAL_GPIO_WritePin
    lcm_control.o(.ARM.exidx.text.HD44780A_Out_4bit) refers to lcm_control.o(.text.HD44780A_Out_4bit) for [Anonymous Symbol]
    lcm_control.o(.text.HD44780A_Enable_Pulse) refers to stm32f0xx_hal_gpio.o(.text.HAL_GPIO_WritePin) for HAL_GPIO_WritePin
    lcm_control.o(.text.HD44780A_Enable_Pulse) refers to stm32f0xx_hal.o(.text.HAL_Delay) for HAL_Delay
    lcm_control.o(.ARM.exidx.text.HD44780A_Enable_Pulse) refers to lcm_control.o(.text.HD44780A_Enable_Pulse) for [Anonymous Symbol]
    lcm_control.o(.text.HD44780A_Write) refers to stm32f0xx_hal_gpio.o(.text.HAL_GPIO_WritePin) for HAL_GPIO_WritePin
    lcm_control.o(.text.HD44780A_Write) refers to stm32f0xx_hal.o(.text.HAL_Delay) for HAL_Delay
    lcm_control.o(.ARM.exidx.text.HD44780A_Write) refers to lcm_control.o(.text.HD44780A_Write) for [Anonymous Symbol]
    lcm_control.o(.text.LCM_Send_Cmd) refers to lcm_control.o(.text.HD44780A_Write) for HD44780A_Write
    lcm_control.o(.text.LCM_Send_Cmd) refers to stm32f0xx_hal.o(.text.HAL_Delay) for HAL_Delay
    lcm_control.o(.ARM.exidx.text.LCM_Send_Cmd) refers to lcm_control.o(.text.LCM_Send_Cmd) for [Anonymous Symbol]
    lcm_control.o(.text.LCM_Send_Data) refers to lcm_control.o(.text.HD44780A_Write) for HD44780A_Write
    lcm_control.o(.text.LCM_Send_Data) refers to stm32f0xx_hal.o(.text.HAL_Delay) for HAL_Delay
    lcm_control.o(.ARM.exidx.text.LCM_Send_Data) refers to lcm_control.o(.text.LCM_Send_Data) for [Anonymous Symbol]
    lcm_control.o(.text.LCM_Init) refers to stm32f0xx_hal.o(.text.HAL_Delay) for HAL_Delay
    lcm_control.o(.text.LCM_Init) refers to stm32f0xx_hal_gpio.o(.text.HAL_GPIO_WritePin) for HAL_GPIO_WritePin
    lcm_control.o(.text.LCM_Init) refers to lcm_control.o(.text.HD44780A_Write) for HD44780A_Write
    lcm_control.o(.ARM.exidx.text.LCM_Init) refers to lcm_control.o(.text.LCM_Init) for [Anonymous Symbol]
    lcm_control.o(.text.LCM_Set_Cursor) refers to lcm_control.o(.text.HD44780A_Write) for HD44780A_Write
    lcm_control.o(.text.LCM_Set_Cursor) refers to stm32f0xx_hal.o(.text.HAL_Delay) for HAL_Delay
    lcm_control.o(.ARM.exidx.text.LCM_Set_Cursor) refers to lcm_control.o(.text.LCM_Set_Cursor) for [Anonymous Symbol]
    lcm_control.o(.text.LCM_Send_String) refers to lcm_control.o(.text.HD44780A_Write) for HD44780A_Write
    lcm_control.o(.text.LCM_Send_String) refers to stm32f0xx_hal.o(.text.HAL_Delay) for HAL_Delay
    lcm_control.o(.ARM.exidx.text.LCM_Send_String) refers to lcm_control.o(.text.LCM_Send_String) for [Anonymous Symbol]
    timer_control.o(.text.delay_us) refers to stm32f0xx_it.o(.bss.timer6_tick) for timer6_tick
    timer_control.o(.ARM.exidx.text.delay_us) refers to timer_control.o(.text.delay_us) for [Anonymous Symbol]
    main.o(.text.main) refers to stm32f0xx_hal.o(.text.HAL_Init) for HAL_Init
    main.o(.text.main) refers to memseta.o(.text) for __aeabi_memclr4
    main.o(.text.main) refers to stm32f0xx_hal_rcc.o(.text.HAL_RCC_OscConfig) for HAL_RCC_OscConfig
[...]
    Removing stm32f0xx_hal_pwr.o(.text.HAL_PWR_EnterSTOPMode), (60 bytes).
    Removing stm32f0xx_hal_pwr.o(.ARM.exidx.text.HAL_PWR_EnterSTOPMode), (8 bytes).
    Removing stm32f0xx_hal_pwr.o(.text.HAL_PWR_EnterSTANDBYMode), (32 bytes).
    Removing stm32f0xx_hal_pwr.o(.ARM.exidx.text.HAL_PWR_EnterSTANDBYMode), (8 bytes).
    Removing stm32f0xx_hal_pwr.o(.text.HAL_PWR_EnableSleepOnExit), (16 bytes).
    Removing stm32f0xx_hal_pwr.o(.ARM.exidx.text.HAL_PWR_EnableSleepOnExit), (8 bytes).
    Removing stm32f0xx_hal_pwr.o(.text.HAL_PWR_DisableSleepOnExit), (16 bytes).
    Removing stm32f0xx_hal_pwr.o(.ARM.exidx.text.HAL_PWR_DisableSleepOnExit), (8 bytes).
    Removing stm32f0xx_hal_pwr.o(.text.HAL_PWR_EnableSEVOnPend), (16 bytes).
    Removing stm32f0xx_hal_pwr.o(.ARM.exidx.text.HAL_PWR_EnableSEVOnPend), (8 bytes).
    Removing stm32f0xx_hal_pwr.o(.text.HAL_PWR_DisableSEVOnPend), (16 bytes).
    Removing stm32f0xx_hal_pwr.o(.ARM.exidx.text.HAL_PWR_DisableSEVOnPend), (8 bytes).
    Removing stm32f0xx_hal_pwr_ex.o(.text), (0 bytes).
    Removing stm32f0xx_hal_pwr_ex.o(.text.HAL_PWR_ConfigPVD), (116 bytes).
    Removing stm32f0xx_hal_pwr_ex.o(.ARM.exidx.text.HAL_PWR_ConfigPVD), (8 bytes).
    Removing stm32f0xx_hal_pwr_ex.o(.text.HAL_PWR_EnablePVD), (16 bytes).
    Removing stm32f0xx_hal_pwr_ex.o(.ARM.exidx.text.HAL_PWR_EnablePVD), (8 bytes).
    Removing stm32f0xx_hal_pwr_ex.o(.text.HAL_PWR_DisablePVD), (16 bytes).
    Removing stm32f0xx_hal_pwr_ex.o(.ARM.exidx.text.HAL_PWR_DisablePVD), (8 bytes).
    Removing stm32f0xx_hal_pwr_ex.o(.text.HAL_PWR_PVD_IRQHandler), (28 bytes).
    Removing stm32f0xx_hal_pwr_ex.o(.ARM.exidx.text.HAL_PWR_PVD_IRQHandler), (8 bytes).
    Removing stm32f0xx_hal_pwr_ex.o(.text.HAL_PWR_PVDCallback), (2 bytes).
    Removing stm32f0xx_hal_pwr_ex.o(.ARM.exidx.text.HAL_PWR_PVDCallback), (8 bytes).
    Removing stm32f0xx_hal_pwr_ex.o(.text.HAL_PWREx_EnableVddio2Monitor), (24 bytes).
    Removing stm32f0xx_hal_pwr_ex.o(.ARM.exidx.text.HAL_PWREx_EnableVddio2Monitor), (8 bytes).
    Removing stm32f0xx_hal_pwr_ex.o(.text.HAL_PWREx_DisableVddio2Monitor), (32 bytes).
    Removing stm32f0xx_hal_pwr_ex.o(.ARM.exidx.text.HAL_PWREx_DisableVddio2Monitor), (8 bytes).
    Removing stm32f0xx_hal_pwr_ex.o(.text.HAL_PWREx_Vddio2Monitor_IRQHandler), (28 bytes).
    Removing stm32f0xx_hal_pwr_ex.o(.ARM.exidx.text.HAL_PWREx_Vddio2Monitor_IRQHandler), (8 bytes).
    Removing stm32f0xx_hal_pwr_ex.o(.text.HAL_PWREx_Vddio2MonitorCallback), (2 bytes).
    Removing stm32f0xx_hal_pwr_ex.o(.ARM.exidx.text.HAL_PWREx_Vddio2MonitorCallback), (8 bytes).
    Removing stm32f0xx_hal_flash.o(.text), (0 bytes).
    Removing stm32f0xx_hal_flash.o(.text.HAL_FLASH_Program), (556 bytes).
    Removing stm32f0xx_hal_flash.o(.ARM.exidx.text.HAL_FLASH_Program), (8 bytes).
    Removing stm32f0xx_hal_flash.o(.text.FLASH_WaitForLastOperation), (176 bytes).
    Removing stm32f0xx_hal_flash.o(.ARM.exidx.text.FLASH_WaitForLastOperation), (8 bytes).
    Removing stm32f0xx_hal_flash.o(.text.HAL_FLASH_Program_IT), (92 bytes).
    Removing stm32f0xx_hal_flash.o(.ARM.exidx.text.HAL_FLASH_Program_IT), (8 bytes).
    Removing stm32f0xx_hal_flash.o(.text.HAL_FLASH_IRQHandler), (348 bytes).
    Removing stm32f0xx_hal_flash.o(.ARM.exidx.text.HAL_FLASH_IRQHandler), (8 bytes).
    Removing stm32f0xx_hal_flash.o(.text.HAL_FLASH_OperationErrorCallback), (2 bytes).
    Removing stm32f0xx_hal_flash.o(.ARM.exidx.text.HAL_FLASH_OperationErrorCallback), (8 bytes).
    Removing stm32f0xx_hal_flash.o(.text.HAL_FLASH_EndOfOperationCallback), (2 bytes).
    Removing stm32f0xx_hal_flash.o(.ARM.exidx.text.HAL_FLASH_EndOfOperationCallback), (8 bytes).
    Removing stm32f0xx_hal_flash.o(.text.HAL_FLASH_Unlock), (40 bytes).
    Removing stm32f0xx_hal_flash.o(.ARM.exidx.text.HAL_FLASH_Unlock), (8 bytes).
    Removing stm32f0xx_hal_flash.o(.text.HAL_FLASH_Lock), (20 bytes).
    Removing stm32f0xx_hal_flash.o(.ARM.exidx.text.HAL_FLASH_Lock), (8 bytes).
    Removing stm32f0xx_hal_flash.o(.text.HAL_FLASH_OB_Unlock), (36 bytes).
    Removing stm32f0xx_hal_flash.o(.ARM.exidx.text.HAL_FLASH_OB_Unlock), (8 bytes).
    Removing stm32f0xx_hal_flash.o(.text.HAL_FLASH_OB_Lock), (20 bytes).
    Removing stm32f0xx_hal_flash.o(.ARM.exidx.text.HAL_FLASH_OB_Lock), (8 bytes).
    Removing stm32f0xx_hal_flash.o(.text.HAL_FLASH_OB_Launch), (152 bytes).
    Removing stm32f0xx_hal_flash.o(.ARM.exidx.text.HAL_FLASH_OB_Launch), (8 bytes).
    Removing stm32f0xx_hal_flash.o(.text.HAL_FLASH_GetError), (12 bytes).
    Removing stm32f0xx_hal_flash.o(.ARM.exidx.text.HAL_FLASH_GetError), (8 bytes).
    Removing stm32f0xx_hal_flash.o(.bss.pFlash), (32 bytes).
    Removing stm32f0xx_hal_flash_ex.o(.text), (0 bytes).
    Removing stm32f0xx_hal_flash_ex.o(.text.HAL_FLASHEx_Erase), (236 bytes).
    Removing stm32f0xx_hal_flash_ex.o(.ARM.exidx.text.HAL_FLASHEx_Erase), (8 bytes).
    Removing stm32f0xx_hal_flash_ex.o(.text.FLASH_PageErase), (36 bytes).
    Removing stm32f0xx_hal_flash_ex.o(.ARM.exidx.text.FLASH_PageErase), (8 bytes).
    Removing stm32f0xx_hal_flash_ex.o(.text.HAL_FLASHEx_Erase_IT), (112 bytes).
    Removing stm32f0xx_hal_flash_ex.o(.ARM.exidx.text.HAL_FLASHEx_Erase_IT), (8 bytes).
    Removing stm32f0xx_hal_flash_ex.o(.text.HAL_FLASHEx_OBErase), (184 bytes).
    Removing stm32f0xx_hal_flash_ex.o(.ARM.exidx.text.HAL_FLASHEx_OBErase), (8 bytes).
    Removing stm32f0xx_hal_flash_ex.o(.text.HAL_FLASHEx_OBProgram), (604 bytes).
    Removing stm32f0xx_hal_flash_ex.o(.ARM.exidx.text.HAL_FLASHEx_OBProgram), (8 bytes).
    Removing stm32f0xx_hal_flash_ex.o(.text.HAL_FLASHEx_OBGetConfig), (56 bytes).
    Removing stm32f0xx_hal_flash_ex.o(.ARM.exidx.text.HAL_FLASHEx_OBGetConfig), (8 bytes).
    Removing stm32f0xx_hal_flash_ex.o(.text.HAL_FLASHEx_OBGetUserData), (28 bytes).
    Removing stm32f0xx_hal_flash_ex.o(.ARM.exidx.text.HAL_FLASHEx_OBGetUserData), (8 bytes).
    Removing stm32f0xx_hal_exti.o(.text), (0 bytes).
    Removing stm32f0xx_hal_exti.o(.text.HAL_EXTI_SetConfigLine), (160 bytes).
    Removing stm32f0xx_hal_exti.o(.ARM.exidx.text.HAL_EXTI_SetConfigLine), (8 bytes).
    Removing stm32f0xx_hal_exti.o(.text.HAL_EXTI_GetConfigLine), (128 bytes).
    Removing stm32f0xx_hal_exti.o(.ARM.exidx.text.HAL_EXTI_GetConfigLine), (8 bytes).
    Removing stm32f0xx_hal_exti.o(.text.HAL_EXTI_ClearConfigLine), (96 bytes).
    Removing stm32f0xx_hal_exti.o(.ARM.exidx.text.HAL_EXTI_ClearConfigLine), (8 bytes).
    Removing stm32f0xx_hal_exti.o(.text.HAL_EXTI_RegisterCallback), (14 bytes).
    Removing stm32f0xx_hal_exti.o(.ARM.exidx.text.HAL_EXTI_RegisterCallback), (8 bytes).
    Removing stm32f0xx_hal_exti.o(.text.HAL_EXTI_GetHandle), (14 bytes).
    Removing stm32f0xx_hal_exti.o(.ARM.exidx.text.HAL_EXTI_GetHandle), (8 bytes).
    Removing stm32f0xx_hal_exti.o(.text.HAL_EXTI_IRQHandler), (36 bytes).
    Removing stm32f0xx_hal_exti.o(.ARM.exidx.text.HAL_EXTI_IRQHandler), (8 bytes).
    Removing stm32f0xx_hal_exti.o(.text.HAL_EXTI_GetPending), (24 bytes).
    Removing stm32f0xx_hal_exti.o(.ARM.exidx.text.HAL_EXTI_GetPending), (8 bytes).
    Removing stm32f0xx_hal_exti.o(.text.HAL_EXTI_ClearPending), (20 bytes).
    Removing stm32f0xx_hal_exti.o(.ARM.exidx.text.HAL_EXTI_ClearPending), (8 bytes).
    Removing stm32f0xx_hal_exti.o(.text.HAL_EXTI_GenerateSWI), (20 bytes).
    Removing stm32f0xx_hal_exti.o(.ARM.exidx.text.HAL_EXTI_GenerateSWI), (8 bytes).
    Removing stm32f0xx_hal_uart.o(.text), (0 bytes).
    Removing stm32f0xx_hal_uart.o(.ARM.exidx.text.HAL_UART_Init), (8 bytes).
    Removing stm32f0xx_hal_uart.o(.text.HAL_UART_MspInit), (2 bytes).
    Removing stm32f0xx_hal_uart.o(.ARM.exidx.text.HAL_UART_MspInit), (8 bytes).
    Removing stm32f0xx_hal_uart.o(.ARM.exidx.text.UART_AdvFeatureConfig), (8 bytes).
    Removing stm32f0xx_hal_uart.o(.ARM.exidx.text.UART_SetConfig), (8 bytes).
    Removing stm32f0xx_hal_uart.o(.ARM.exidx.text.UART_CheckIdleState), (8 bytes).
    Removing stm32f0xx_hal_uart.o(.text.HAL_HalfDuplex_Init), (118 bytes).
    Removing stm32f0xx_hal_uart.o(.ARM.exidx.text.HAL_HalfDuplex_Init), (8 bytes).
    Removing stm32f0xx_hal_uart.o(.text.HAL_LIN_Init), (150 bytes).
    Removing stm32f0xx_hal_uart.o(.ARM.exidx.text.HAL_LIN_Init), (8 bytes).
    Removing stm32f0xx_hal_uart.o(.text.HAL_MultiProcessor_Init), (152 bytes).
    Removing stm32f0xx_hal_uart.o(.ARM.exidx.text.HAL_MultiProcessor_Init), (8 bytes).
    Removing stm32f0xx_hal_uart.o(.text.HAL_UART_DeInit), (58 bytes).
    Removing stm32f0xx_hal_uart.o(.ARM.exidx.text.HAL_UART_DeInit), (8 bytes).
    Removing stm32f0xx_hal_uart.o(.text.HAL_UART_MspDeInit), (2 bytes).
    Removing stm32f0xx_hal_uart.o(.ARM.exidx.text.HAL_UART_MspDeInit), (8 bytes).
    Removing stm32f0xx_hal_uart.o(.text.HAL_UART_Transmit), (396 bytes).
    Removing stm32f0xx_hal_uart.o(.ARM.exidx.text.HAL_UART_Transmit), (8 bytes).
    Removing stm32f0xx_hal_uart.o(.ARM.exidx.text.UART_WaitOnFlagUntilTimeout), (8 bytes).
    Removing stm32f0xx_hal_uart.o(.text.HAL_UART_Receive), (272 bytes).
    Removing stm32f0xx_hal_uart.o(.ARM.exidx.text.HAL_UART_Receive), (8 bytes).
    Removing stm32f0xx_hal_uart.o(.text.HAL_UART_Transmit_IT), (136 bytes).
    Removing stm32f0xx_hal_uart.o(.ARM.exidx.text.HAL_UART_Transmit_IT), (8 bytes).
    Removing stm32f0xx_hal_uart.o(.text.UART_TxISR_16BIT), (96 bytes).
    Removing stm32f0xx_hal_uart.o(.ARM.exidx.text.UART_TxISR_16BIT), (8 bytes).
    Removing stm32f0xx_hal_uart.o(.text.UART_TxISR_8BIT), (88 bytes).
    Removing stm32f0xx_hal_uart.o(.ARM.exidx.text.UART_TxISR_8BIT), (8 bytes).
    Removing stm32f0xx_hal_uart.o(.text.HAL_UART_Receive_IT), (102 bytes).
    Removing stm32f0xx_hal_uart.o(.ARM.exidx.text.HAL_UART_Receive_IT), (8 bytes).
    Removing stm32f0xx_hal_uart.o(.text.UART_Start_Receive_IT), (212 bytes).
    Removing stm32f0xx_hal_uart.o(.ARM.exidx.text.UART_Start_Receive_IT), (8 bytes).
    Removing stm32f0xx_hal_uart.o(.text.HAL_UART_Transmit_DMA), (184 bytes).
    Removing stm32f0xx_hal_uart.o(.ARM.exidx.text.HAL_UART_Transmit_DMA), (8 bytes).
    Removing stm32f0xx_hal_uart.o(.text.UART_DMATransmitCplt), (72 bytes).
    Removing stm32f0xx_hal_uart.o(.ARM.exidx.text.UART_DMATransmitCplt), (8 bytes).
    Removing stm32f0xx_hal_uart.o(.text.UART_DMATxHalfCplt), (10 bytes).
    Removing stm32f0xx_hal_uart.o(.ARM.exidx.text.UART_DMATxHalfCplt), (8 bytes).
    Removing stm32f0xx_hal_uart.o(.text.UART_DMAError), (178 bytes).
    Removing stm32f0xx_hal_uart.o(.ARM.exidx.text.UART_DMAError), (8 bytes).
    Removing stm32f0xx_hal_uart.o(.text.HAL_UART_Receive_DMA), (276 bytes).
    Removing stm32f0xx_hal_uart.o(.ARM.exidx.text.HAL_UART_Receive_DMA), (8 bytes).
    Removing stm32f0xx_hal_uart.o(.text.UART_Start_Receive_DMA), (172 bytes).
    Removing stm32f0xx_hal_uart.o(.ARM.exidx.text.UART_Start_Receive_DMA), (8 bytes).
    Removing stm32f0xx_hal_uart.o(.text.HAL_UART_DMAPause), (124 bytes).
    Removing stm32f0xx_hal_uart.o(.ARM.exidx.text.HAL_UART_DMAPause), (8 bytes).
    Removing stm32f0xx_hal_uart.o(.text.HAL_UART_DMAResume), (136 bytes).
    Removing stm32f0xx_hal_uart.o(.ARM.exidx.text.HAL_UART_DMAResume), (8 bytes).
    Removing stm32f0xx_hal_uart.o(.text.HAL_UART_DMAStop), (258 bytes).
    Removing stm32f0xx_hal_uart.o(.ARM.exidx.text.HAL_UART_DMAStop), (8 bytes).
    Removing stm32f0xx_hal_uart.o(.text.HAL_UART_Abort), (248 bytes).
    Removing stm32f0xx_hal_uart.o(.ARM.exidx.text.HAL_UART_Abort), (8 bytes).
    Removing stm32f0xx_hal_uart.o(.text.HAL_UART_AbortTransmit), (110 bytes).
    Removing stm32f0xx_hal_uart.o(.ARM.exidx.text.HAL_UART_AbortTransmit), (8 bytes).
    Removing stm32f0xx_hal_uart.o(.text.HAL_UART_AbortReceive), (178 bytes).
    Removing stm32f0xx_hal_uart.o(.ARM.exidx.text.HAL_UART_AbortReceive), (8 bytes).
    Removing stm32f0xx_hal_uart.o(.text.HAL_UART_Abort_IT), (296 bytes).
    Removing stm32f0xx_hal_uart.o(.ARM.exidx.text.HAL_UART_Abort_IT), (8 bytes).
    Removing stm32f0xx_hal_uart.o(.text.UART_DMATxAbortCallback), (58 bytes).
    Removing stm32f0xx_hal_uart.o(.ARM.exidx.text.UART_DMATxAbortCallback), (8 bytes).
    Removing stm32f0xx_hal_uart.o(.text.UART_DMARxAbortCallback), (66 bytes).
    Removing stm32f0xx_hal_uart.o(.ARM.exidx.text.UART_DMARxAbortCallback), (8 bytes).
    Removing stm32f0xx_hal_uart.o(.text.HAL_UART_AbortCpltCallback), (2 bytes).
    Removing stm32f0xx_hal_uart.o(.ARM.exidx.text.HAL_UART_AbortCpltCallback), (8 bytes).
    Removing stm32f0xx_hal_uart.o(.text.HAL_UART_AbortTransmit_IT), (112 bytes).
    Removing stm32f0xx_hal_uart.o(.ARM.exidx.text.HAL_UART_AbortTransmit_IT), (8 bytes).
    Removing stm32f0xx_hal_uart.o(.text.UART_DMATxOnlyAbortCallback), (20 bytes).
    Removing stm32f0xx_hal_uart.o(.ARM.exidx.text.UART_DMATxOnlyAbortCallback), (8 bytes).
    Removing stm32f0xx_hal_uart.o(.text.HAL_UART_AbortTransmitCpltCallback), (2 bytes).
    Removing stm32f0xx_hal_uart.o(.ARM.exidx.text.HAL_UART_AbortTransmitCpltCallback), (8 bytes).
    Removing stm32f0xx_hal_uart.o(.text.HAL_UART_AbortReceive_IT), (196 bytes).
    Removing stm32f0xx_hal_uart.o(.ARM.exidx.text.HAL_UART_AbortReceive_IT), (8 bytes).
    Removing stm32f0xx_hal_uart.o(.text.UART_DMARxOnlyAbortCallback), (38 bytes).
    Removing stm32f0xx_hal_uart.o(.ARM.exidx.text.UART_DMARxOnlyAbortCallback), (8 bytes).
    Removing stm32f0xx_hal_uart.o(.text.HAL_UART_AbortReceiveCpltCallback), (2 bytes).
    Removing stm32f0xx_hal_uart.o(.ARM.exidx.text.HAL_UART_AbortReceiveCpltCallback), (8 bytes).
    Removing stm32f0xx_hal_uart.o(.text.HAL_UART_IRQHandler), (1004 bytes).
    Removing stm32f0xx_hal_uart.o(.ARM.exidx.text.HAL_UART_IRQHandler), (8 bytes).
    Removing stm32f0xx_hal_uart.o(.text.UART_DMAAbortOnError), (22 bytes).
    Removing stm32f0xx_hal_uart.o(.ARM.exidx.text.UART_DMAAbortOnError), (8 bytes).
    Removing stm32f0xx_hal_uart.o(.text.HAL_UART_ErrorCallback), (2 bytes).
    Removing stm32f0xx_hal_uart.o(.ARM.exidx.text.HAL_UART_ErrorCallback), (8 bytes).
    Removing stm32f0xx_hal_uart.o(.text.HAL_UARTEx_RxEventCallback), (2 bytes).
    Removing stm32f0xx_hal_uart.o(.ARM.exidx.text.HAL_UARTEx_RxEventCallback), (8 bytes).
    Removing stm32f0xx_hal_uart.o(.text.HAL_UART_TxCpltCallback), (2 bytes).
    Removing stm32f0xx_hal_uart.o(.ARM.exidx.text.HAL_UART_TxCpltCallback), (8 bytes).
    Removing stm32f0xx_hal_uart.o(.text.HAL_UART_TxHalfCpltCallback), (2 bytes).
    Removing stm32f0xx_hal_uart.o(.ARM.exidx.text.HAL_UART_TxHalfCpltCallback), (8 bytes).
    Removing stm32f0xx_hal_uart.o(.text.HAL_UART_RxCpltCallback), (2 bytes).
    Removing stm32f0xx_hal_uart.o(.ARM.exidx.text.HAL_UART_RxCpltCallback), (8 bytes).
    Removing stm32f0xx_hal_uart.o(.text.HAL_UART_RxHalfCpltCallback), (2 bytes).
    Removing stm32f0xx_hal_uart.o(.ARM.exidx.text.HAL_UART_RxHalfCpltCallback), (8 bytes).
    Removing stm32f0xx_hal_uart.o(.text.HAL_UART_ReceiverTimeout_Config), (16 bytes).
    Removing stm32f0xx_hal_uart.o(.ARM.exidx.text.HAL_UART_ReceiverTimeout_Config), (8 bytes).
    Removing stm32f0xx_hal_uart.o(.text.HAL_UART_EnableReceiverTimeout), (50 bytes).
    Removing stm32f0xx_hal_uart.o(.ARM.exidx.text.HAL_UART_EnableReceiverTimeout), (8 bytes).
    Removing stm32f0xx_hal_uart.o(.text.HAL_UART_DisableReceiverTimeout), (50 bytes).
    Removing stm32f0xx_hal_uart.o(.ARM.exidx.text.HAL_UART_DisableReceiverTimeout), (8 bytes).
    Removing stm32f0xx_hal_uart.o(.text.HAL_MultiProcessor_EnableMuteMode), (58 bytes).
    Removing stm32f0xx_hal_uart.o(.ARM.exidx.text.HAL_MultiProcessor_EnableMuteMode), (8 bytes).
    Removing stm32f0xx_hal_uart.o(.text.HAL_MultiProcessor_DisableMuteMode), (58 bytes).
    Removing stm32f0xx_hal_uart.o(.ARM.exidx.text.HAL_MultiProcessor_DisableMuteMode), (8 bytes).
    Removing stm32f0xx_hal_uart.o(.text.HAL_MultiProcessor_EnterMuteMode), (12 bytes).
    Removing stm32f0xx_hal_uart.o(.ARM.exidx.text.HAL_MultiProcessor_EnterMuteMode), (8 bytes).
    Removing stm32f0xx_hal_uart.o(.text.HAL_HalfDuplex_EnableTransmitter), (82 bytes).
    Removing stm32f0xx_hal_uart.o(.ARM.exidx.text.HAL_HalfDuplex_EnableTransmitter), (8 bytes).
    Removing stm32f0xx_hal_uart.o(.text.HAL_HalfDuplex_EnableReceiver), (82 bytes).
    Removing stm32f0xx_hal_uart.o(.ARM.exidx.text.HAL_HalfDuplex_EnableReceiver), (8 bytes).
    Removing stm32f0xx_hal_uart.o(.text.HAL_LIN_SendBreak), (44 bytes).
    Removing stm32f0xx_hal_uart.o(.ARM.exidx.text.HAL_LIN_SendBreak), (8 bytes).
    Removing stm32f0xx_hal_uart.o(.text.HAL_UART_GetState), (10 bytes).
    Removing stm32f0xx_hal_uart.o(.ARM.exidx.text.HAL_UART_GetState), (8 bytes).
    Removing stm32f0xx_hal_uart.o(.text.HAL_UART_GetError), (6 bytes).
    Removing stm32f0xx_hal_uart.o(.ARM.exidx.text.HAL_UART_GetError), (8 bytes).
    Removing stm32f0xx_hal_uart.o(.text.UART_RxISR_16BIT), (208 bytes).
    Removing stm32f0xx_hal_uart.o(.ARM.exidx.text.UART_RxISR_16BIT), (8 bytes).
    Removing stm32f0xx_hal_uart.o(.text.UART_RxISR_8BIT), (210 bytes).
    Removing stm32f0xx_hal_uart.o(.ARM.exidx.text.UART_RxISR_8BIT), (8 bytes).
    Removing stm32f0xx_hal_uart.o(.text.UART_DMAReceiveCplt), (152 bytes).
    Removing stm32f0xx_hal_uart.o(.ARM.exidx.text.UART_DMAReceiveCplt), (8 bytes).
    Removing stm32f0xx_hal_uart.o(.text.UART_DMARxHalfCplt), (32 bytes).
    Removing stm32f0xx_hal_uart.o(.ARM.exidx.text.UART_DMARxHalfCplt), (8 bytes).
    Removing stm32f0xx_hal_uart_ex.o(.text), (0 bytes).
    Removing stm32f0xx_hal_uart_ex.o(.text.HAL_RS485Ex_Init), (144 bytes).
    Removing stm32f0xx_hal_uart_ex.o(.ARM.exidx.text.HAL_RS485Ex_Init), (8 bytes).
    Removing stm32f0xx_hal_uart_ex.o(.text.HAL_UARTEx_WakeupCallback), (2 bytes).
    Removing stm32f0xx_hal_uart_ex.o(.ARM.exidx.text.HAL_UARTEx_WakeupCallback), (8 bytes).
    Removing stm32f0xx_hal_uart_ex.o(.text.HAL_MultiProcessorEx_AddressLength_Set), (46 bytes).
    Removing stm32f0xx_hal_uart_ex.o(.ARM.exidx.text.HAL_MultiProcessorEx_AddressLength_Set), (8 bytes).
    Removing stm32f0xx_hal_uart_ex.o(.text.HAL_UARTEx_StopModeWakeUpSourceConfig), (140 bytes).
    Removing stm32f0xx_hal_uart_ex.o(.ARM.exidx.text.HAL_UARTEx_StopModeWakeUpSourceConfig), (8 bytes).
    Removing stm32f0xx_hal_uart_ex.o(.text.HAL_UARTEx_EnableStopMode), (50 bytes).
    Removing stm32f0xx_hal_uart_ex.o(.ARM.exidx.text.HAL_UARTEx_EnableStopMode), (8 bytes).
    Removing stm32f0xx_hal_uart_ex.o(.text.HAL_UARTEx_DisableStopMode), (50 bytes).
    Removing stm32f0xx_hal_uart_ex.o(.ARM.exidx.text.HAL_UARTEx_DisableStopMode), (8 bytes).
    Removing stm32f0xx_hal_uart_ex.o(.text.HAL_UARTEx_ReceiveToIdle), (480 bytes).
    Removing stm32f0xx_hal_uart_ex.o(.ARM.exidx.text.HAL_UARTEx_ReceiveToIdle), (8 bytes).
    Removing stm32f0xx_hal_uart_ex.o(.text.HAL_UARTEx_ReceiveToIdle_IT), (104 bytes).
    Removing stm32f0xx_hal_uart_ex.o(.ARM.exidx.text.HAL_UARTEx_ReceiveToIdle_IT), (8 bytes).
    Removing stm32f0xx_hal_uart_ex.o(.text.HAL_UARTEx_ReceiveToIdle_DMA), (112 bytes).
    Removing stm32f0xx_hal_uart_ex.o(.ARM.exidx.text.HAL_UARTEx_ReceiveToIdle_DMA), (8 bytes).
    Removing stm32f0xx_hal_uart_ex.o(.text.HAL_UARTEx_GetRxEventType), (4 bytes).
    Removing stm32f0xx_hal_uart_ex.o(.ARM.exidx.text.HAL_UARTEx_GetRxEventType), (8 bytes).
    Removing system_stm32f0xx.o(.text), (0 bytes).
    Removing system_stm32f0xx.o(.ARM.exidx.text.SystemInit), (8 bytes).
    Removing system_stm32f0xx.o(.text.SystemCoreClockUpdate), (96 bytes).
    Removing system_stm32f0xx.o(.ARM.exidx.text.SystemCoreClockUpdate), (8 bytes).
    Removing retarget_io.o(.text), (0 bytes).
    Removing retarget_io.o(.text.fputc), (24 bytes).
    Removing retarget_io.o(.ARM.exidx.text.fputc), (8 bytes).
    Removing retarget_io.o(.text.fgetc), (6 bytes).
    Removing retarget_io.o(.ARM.exidx.text.fgetc), (8 bytes).
    Removing retarget_io.o(.text.__backspace), (6 bytes).
    Removing retarget_io.o(.ARM.exidx.text.__backspace), (8 bytes).
    Removing retarget_io.o(.text.__aeabi_assert), (276 bytes).
    Removing retarget_io.o(.ARM.exidx.text.__aeabi_assert), (8 bytes).
    Removing retarget_io.o(.text.abort), (2 bytes).
    Removing retarget_io.o(.ARM.exidx.text.abort), (8 bytes).

912 unused section(s) (total 53744 bytes) removed from the image.

==============================================================================

Image Symbol Table

    Local Symbols

    Symbol Name                              Value     Ov Type        Size  Object(Section)

    ../clib/division.s                       0x00000000   Number         0  aeabi_sdivfast.o ABSOLUTE
    ../clib/division.s                       0x00000000   Number         0  aeabi_sdivfast_div0.o ABSOLUTE
    ../clib/microlib/division.c              0x00000000   Number         0  uidiv.o ABSOLUTE
    ../clib/microlib/division.c              0x00000000   Number         0  uidiv_div0.o ABSOLUTE
    ../clib/microlib/division.c              0x00000000   Number         0  idiv_div0.o ABSOLUTE
    ../clib/microlib/division.c              0x00000000   Number         0  idiv0.o ABSOLUTE
    ../clib/microlib/division.c              0x00000000   Number         0  uldiv.o ABSOLUTE
    ../clib/microlib/init/entry.s            0x00000000   Number         0  entry.o ABSOLUTE
    ../clib/microlib/init/entry.s            0x00000000   Number         0  entry2.o ABSOLUTE
    ../clib/microlib/init/entry.s            0x00000000   Number         0  entry5.o ABSOLUTE
    ../clib/microlib/init/entry.s            0x00000000   Number         0  entry7a.o ABSOLUTE
    ../clib/microlib/init/entry.s            0x00000000   Number         0  entry7b.o ABSOLUTE
    ../clib/microlib/init/entry.s            0x00000000   Number         0  entry8a.o ABSOLUTE
    ../clib/microlib/init/entry.s            0x00000000   Number         0  entry8b.o ABSOLUTE
    ../clib/microlib/init/entry.s            0x00000000   Number         0  entry9a.o ABSOLUTE
    ../clib/microlib/init/entry.s            0x00000000   Number         0  entry9b.o ABSOLUTE
    ../clib/microlib/init/entry.s            0x00000000   Number         0  entry10a.o ABSOLUTE
    ../clib/microlib/init/entry.s            0x00000000   Number         0  entry10b.o ABSOLUTE
    ../clib/microlib/init/entry.s            0x00000000   Number         0  entry11a.o ABSOLUTE
    ../clib/microlib/init/entry.s            0x00000000   Number         0  entry11b.o ABSOLUTE
    ../clib/microlib/longlong.c              0x00000000   Number         0  llshl.o ABSOLUTE
    ../clib/microlib/longlong.c              0x00000000   Number         0  llushr.o ABSOLUTE
    ../clib/microlib/longlong.c              0x00000000   Number         0  llsshr.o ABSOLUTE
    ../clib/microlib/malloc/malloc.c         0x00000000   Number         0  malloc.o ABSOLUTE
    ../clib/microlib/malloc/malloc.c         0x00000000   Number         0  mallocr.o ABSOLUTE
    ../clib/microlib/malloc/malloc.c         0x00000000   Number         0  malloca.o ABSOLUTE
    ../clib/microlib/malloc/malloc.c         0x00000000   Number         0  mallocra.o ABSOLUTE
    ../clib/microlib/malloc/mvars.c          0x00000000   Number         0  mvars.o ABSOLUTE
    ../clib/microlib/printf/printf.c         0x00000000   Number         0  printfb.o ABSOLUTE
    ../clib/microlib/printf/printf.c         0x00000000   Number         0  printf0.o ABSOLUTE
    ../clib/microlib/printf/printf.c         0x00000000   Number         0  printf1.o ABSOLUTE
    ../clib/microlib/printf/printf.c         0x00000000   Number         0  printf2.o ABSOLUTE
    ../clib/microlib/printf/printf.c         0x00000000   Number         0  printf3.o ABSOLUTE
    ../clib/microlib/printf/printf.c         0x00000000   Number         0  printf4.o ABSOLUTE
    ../clib/microlib/printf/printf.c         0x00000000   Number         0  printf5.o ABSOLUTE
    ../clib/microlib/printf/printf.c         0x00000000   Number         0  printf6.o ABSOLUTE
    ../clib/microlib/printf/printf.c         0x00000000   Number         0  printf7.o ABSOLUTE
    ../clib/microlib/printf/printf.c         0x00000000   Number         0  printf8.o ABSOLUTE
    ../clib/microlib/printf/printf.c         0x00000000   Number         0  printfa.o ABSOLUTE
    ../clib/microlib/printf/stubs.s          0x00000000   Number         0  printfstubs.o ABSOLUTE
    ../clib/microlib/stdio/fputs.c           0x00000000   Number         0  fputs.o ABSOLUTE
    ../clib/microlib/stdio/fputs.c           0x00000000   Number         0  fputs_e.o ABSOLUTE
    ../clib/microlib/stdio/fwrite.c          0x00000000   Number         0  fwrite.o ABSOLUTE
    ../clib/microlib/stdio/fwrite.c          0x00000000   Number         0  fwrite_e.o ABSOLUTE
    ../clib/microlib/stdio/streams.c         0x00000000   Number         0  stdout.o ABSOLUTE
    ../clib/microlib/stdio/streams.c         0x00000000   Number         0  stderr.o ABSOLUTE
    ../clib/microlib/string/memcpy.c         0x00000000   Number         0  memcpya.o ABSOLUTE
    ../clib/microlib/string/memcpy.c         0x00000000   Number         0  memcpyb.o ABSOLUTE
    ../clib/microlib/string/memset.c         0x00000000   Number         0  memseta.o ABSOLUTE
    ../clib/microlib/stubs.s                 0x00000000   Number         0  iusefp.o ABSOLUTE
    ../fplib/microlib/f2d.c                  0x00000000   Number         0  f2d.o ABSOLUTE
    ../fplib/microlib/fpadd.c                0x00000000   Number         0  dadd.o ABSOLUTE
    ../fplib/microlib/fpdiv.c                0x00000000   Number         0  fdiv.o ABSOLUTE
    ../fplib/microlib/fpdiv.c                0x00000000   Number         0  ddiv.o ABSOLUTE
    ../fplib/microlib/fpepilogue.c           0x00000000   Number         0  fepilogue.o ABSOLUTE
    ../fplib/microlib/fpepilogue.c           0x00000000   Number         0  depilogue.o ABSOLUTE
    ../fplib/microlib/fpfix.c                0x00000000   Number         0  dfixul.o ABSOLUTE
    ../fplib/microlib/fpflt.c                0x00000000   Number         0  ffltui.o ABSOLUTE
    ../fplib/microlib/fpmul.c                0x00000000   Number         0  dmul.o ABSOLUTE
    cdrcmple.s                               0x00000000   Number         0  cdrcmple.o ABSOLUTE
    dc.s                                     0x00000000   Number         0  dc.o ABSOLUTE
    handlers.s                               0x00000000   Number         0  handlers.o ABSOLUTE
    init.s                                   0x00000000   Number         0  init.o ABSOLUTE
    lcm_control.c                            0x00000000   Number         0  lcm_control.o ABSOLUTE
    main.c                                   0x00000000   Number         0  main.o ABSOLUTE
    retarget_io.c                            0x00000000   Number         0  retarget_io.o ABSOLUTE
    startup_stm32f072xb.s                    0x00000000   Number         0  startup_stm32f072xb.o ABSOLUTE
    stm32f0xx_hal.c                          0x00000000   Number         0  stm32f0xx_hal.o ABSOLUTE
    stm32f0xx_hal_cortex.c                   0x00000000   Number         0  stm32f0xx_hal_cortex.o ABSOLUTE
    stm32f0xx_hal_dma.c                      0x00000000   Number         0  stm32f0xx_hal_dma.o ABSOLUTE
    stm32f0xx_hal_exti.c                     0x00000000   Number         0  stm32f0xx_hal_exti.o ABSOLUTE
    stm32f0xx_hal_flash.c                    0x00000000   Number         0  stm32f0xx_hal_flash.o ABSOLUTE
    stm32f0xx_hal_flash_ex.c                 0x00000000   Number         0  stm32f0xx_hal_flash_ex.o ABSOLUTE
    stm32f0xx_hal_gpio.c                     0x00000000   Number         0  stm32f0xx_hal_gpio.o ABSOLUTE
    stm32f0xx_hal_i2c.c                      0x00000000   Number         0  stm32f0xx_hal_i2c.o ABSOLUTE
    stm32f0xx_hal_i2c_ex.c                   0x00000000   Number         0  stm32f0xx_hal_i2c_ex.o ABSOLUTE
    stm32f0xx_hal_msp.c                      0x00000000   Number         0  stm32f0xx_hal_msp.o ABSOLUTE
    stm32f0xx_hal_pwr.c                      0x00000000   Number         0  stm32f0xx_hal_pwr.o ABSOLUTE
    stm32f0xx_hal_pwr_ex.c                   0x00000000   Number         0  stm32f0xx_hal_pwr_ex.o ABSOLUTE
    stm32f0xx_hal_rcc.c                      0x00000000   Number         0  stm32f0xx_hal_rcc.o ABSOLUTE
    stm32f0xx_hal_rcc_ex.c                   0x00000000   Number         0  stm32f0xx_hal_rcc_ex.o ABSOLUTE
    stm32f0xx_hal_tim.c                      0x00000000   Number         0  stm32f0xx_hal_tim.o ABSOLUTE
    stm32f0xx_hal_tim_ex.c                   0x00000000   Number         0  stm32f0xx_hal_tim_ex.o ABSOLUTE
    stm32f0xx_hal_uart.c                     0x00000000   Number         0  stm32f0xx_hal_uart.o ABSOLUTE
    stm32f0xx_hal_uart_ex.c                  0x00000000   Number         0  stm32f0xx_hal_uart_ex.o ABSOLUTE
    stm32f0xx_it.c                           0x00000000   Number         0  stm32f0xx_it.o ABSOLUTE
    system_stm32f0xx.c                       0x00000000   Number         0  system_stm32f0xx.o ABSOLUTE
    timer_control.c                          0x00000000   Number         0  timer_control.o ABSOLUTE
    usart_cubemx_2024.c                      0x00000000   Number         0  usart_cubemx_2024.o ABSOLUTE
    RESET                                    0x08000000   Section      192  startup_stm32f072xb.o(RESET)
    .ARM.Collect$$$$00000000                 0x080000c0   Section        0  entry.o(.ARM.Collect$$$$00000000)
    .ARM.Collect$$$$00000001                 0x080000c0   Section        4  entry2.o(.ARM.Collect$$$$00000001)
    .ARM.Collect$$$$00000004                 0x080000c4   Section        4  entry5.o(.ARM.Collect$$$$00000004)
    .ARM.Collect$$$$00000008                 0x080000c8   Section        0  entry7b.o(.ARM.Collect$$$$00000008)
    .ARM.Collect$$$$0000000A                 0x080000c8   Section        0  entry8b.o(.ARM.Collect$$$$0000000A)
    .ARM.Collect$$$$0000000B                 0x080000c8   Section        8  entry9a.o(.ARM.Collect$$$$0000000B)
    __lit__00000000                          0x080000d0   Data           4  entry2.o(.ARM.Collect$$$$00002712)
    .ARM.Collect$$$$0000000D                 0x080000d0   Section        0  entry10a.o(.ARM.Collect$$$$0000000D)
    .ARM.Collect$$$$0000000F                 0x080000d0   Section        0  entry11a.o(.ARM.Collect$$$$0000000F)
    .ARM.Collect$$$$00002712                 0x080000d0   Section        4  entry2.o(.ARM.Collect$$$$00002712)
    .text                                    0x080000d4   Section       28  startup_stm32f072xb.o(.text)
    .text                                    0x080000f0   Section        0  memseta.o(.text)
    .text                                    0x08000114   Section        0  fdiv.o(.text)
    .text                                    0x08000190   Section        0  ffltui.o(.text)
    .text                                    0x0800019e   Section        0  f2d.o(.text)
    .text                                    0x080001c6   Section        0  uidiv_div0.o(.text)
    .text                                    0x08000204   Section        0  uldiv.o(.text)
    .text                                    0x08000264   Section        0  iusefp.o(.text)
    .text                                    0x08000264   Section        0  fepilogue.o(.text)
    .text                                    0x080002e8   Section        0  dadd.o(.text)
    .text                                    0x0800044c   Section        0  dmul.o(.text)
    .text                                    0x0800051c   Section        0  ddiv.o(.text)
    .text                                    0x0800060c   Section        0  dfixul.o(.text)
    .text                                    0x0800064c   Section       40  cdrcmple.o(.text)
    .text                                    0x08000674   Section       48  init.o(.text)
    .text                                    0x080006a4   Section        0  llshl.o(.text)
    .text                                    0x080006c4   Section        0  llushr.o(.text)
    .text                                    0x080006e6   Section        0  llsshr.o(.text)
    .text                                    0x0800070c   Section        0  depilogue.o(.text)
    [Anonymous Symbol]                       0x080007cc   Section        0  stm32f0xx_hal.o(.text.HAL_Delay)
    [Anonymous Symbol]                       0x080007ec   Section        0  stm32f0xx_hal_gpio.o(.text.HAL_GPIO_Init)
    __arm_cp.0_0                             0x0800097c   Number         4  stm32f0xx_hal_gpio.o(.text.HAL_GPIO_Init)
    __arm_cp.0_1                             0x08000980   Number         4  stm32f0xx_hal_gpio.o(.text.HAL_GPIO_Init)
    __arm_cp.0_3                             0x08000984   Number         4  stm32f0xx_hal_gpio.o(.text.HAL_GPIO_Init)
    [Anonymous Symbol]                       0x08000988   Section        0  stm32f0xx_hal_gpio.o(.text.HAL_GPIO_WritePin)
    [Anonymous Symbol]                       0x08000998   Section        0  stm32f0xx_hal.o(.text.HAL_GetTick)
    [Anonymous Symbol]                       0x080009a0   Section        0  stm32f0xx_hal.o(.text.HAL_IncTick)
    __arm_cp.5_1                             0x080009b0   Number         4  stm32f0xx_hal.o(.text.HAL_IncTick)
    [Anonymous Symbol]                       0x080009b4   Section        0  stm32f0xx_hal.o(.text.HAL_Init)
    [Anonymous Symbol]                       0x080009d0   Section        0  stm32f0xx_hal.o(.text.HAL_InitTick)
    __arm_cp.1_0                             0x08000a0c   Number         4  stm32f0xx_hal.o(.text.HAL_InitTick)
    [Anonymous Symbol]                       0x08000a10   Section        0  stm32f0xx_hal_msp.o(.text.HAL_MspInit)
    __arm_cp.0_0                             0x08000a38   Number         4  stm32f0xx_hal_msp.o(.text.HAL_MspInit)
    [Anonymous Symbol]                       0x08000a3c   Section        0  stm32f0xx_hal_cortex.o(.text.HAL_NVIC_EnableIRQ)
    __arm_cp.1_0                             0x08000a50   Number         4  stm32f0xx_hal_cortex.o(.text.HAL_NVIC_EnableIRQ)
    [Anonymous Symbol]                       0x08000a54   Section        0  stm32f0xx_hal_cortex.o(.text.HAL_NVIC_SetPriority)
    __arm_cp.0_0                             0x08000a84   Number         4  stm32f0xx_hal_cortex.o(.text.HAL_NVIC_SetPriority)
    __arm_cp.0_1                             0x08000a88   Number         4  stm32f0xx_hal_cortex.o(.text.HAL_NVIC_SetPriority)
    [Anonymous Symbol]                       0x08000a8c   Section        0  stm32f0xx_hal_rcc_ex.o(.text.HAL_RCCEx_PeriphCLKConfig)
    __arm_cp.0_0                             0x08000bc8   Number         4  stm32f0xx_hal_rcc_ex.o(.text.HAL_RCCEx_PeriphCLKConfig)
    __arm_cp.0_1                             0x08000bcc   Number         4  stm32f0xx_hal_rcc_ex.o(.text.HAL_RCCEx_PeriphCLKConfig)
    __arm_cp.0_2                             0x08000bd0   Number         4  stm32f0xx_hal_rcc_ex.o(.text.HAL_RCCEx_PeriphCLKConfig)
    [Anonymous Symbol]                       0x08000bd4   Section        0  stm32f0xx_hal_rcc.o(.text.HAL_RCC_ClockConfig)
    __arm_cp.2_0                             0x08000d2c   Number         4  stm32f0xx_hal_rcc.o(.text.HAL_RCC_ClockConfig)
    __arm_cp.2_2                             0x08000d30   Number         4  stm32f0xx_hal_rcc.o(.text.HAL_RCC_ClockConfig)
    __arm_cp.2_7                             0x08000d34   Number         4  stm32f0xx_hal_rcc.o(.text.HAL_RCC_ClockConfig)
    [Anonymous Symbol]                       0x08000d38   Section        0  stm32f0xx_hal_rcc.o(.text.HAL_RCC_GetPCLK1Freq)
    __arm_cp.8_0                             0x08000d4c   Number         4  stm32f0xx_hal_rcc.o(.text.HAL_RCC_GetPCLK1Freq)
    __arm_cp.8_2                             0x08000d50   Number         4  stm32f0xx_hal_rcc.o(.text.HAL_RCC_GetPCLK1Freq)
    [Anonymous Symbol]                       0x08000d54   Section        0  stm32f0xx_hal_rcc.o(.text.HAL_RCC_GetSysClockFreq)
    __arm_cp.3_0                             0x08000da0   Number         4  stm32f0xx_hal_rcc.o(.text.HAL_RCC_GetSysClockFreq)
    __arm_cp.3_1                             0x08000da4   Number         4  stm32f0xx_hal_rcc.o(.text.HAL_RCC_GetSysClockFreq)
    __arm_cp.3_2                             0x08000da8   Number         4  stm32f0xx_hal_rcc.o(.text.HAL_RCC_GetSysClockFreq)
    __arm_cp.3_3                             0x08000dac   Number         4  stm32f0xx_hal_rcc.o(.text.HAL_RCC_GetSysClockFreq)
    __arm_cp.3_4                             0x08000db0   Number         4  stm32f0xx_hal_rcc.o(.text.HAL_RCC_GetSysClockFreq)
    [Anonymous Symbol]                       0x08000db4   Section        0  stm32f0xx_hal_rcc.o(.text.HAL_RCC_OscConfig)
    __arm_cp.1_4                             0x080011a4   Number         4  stm32f0xx_hal_rcc.o(.text.HAL_RCC_OscConfig)
    __arm_cp.1_1                             0x08001240   Number         4  stm32f0xx_hal_rcc.o(.text.HAL_RCC_OscConfig)
    __arm_cp.1_2                             0x08001244   Number         4  stm32f0xx_hal_rcc.o(.text.HAL_RCC_OscConfig)
    [Anonymous Symbol]                       0x08001248   Section        0  stm32f0xx_hal_cortex.o(.text.HAL_SYSTICK_Config)
    __arm_cp.4_0                             0x08001270   Number         4  stm32f0xx_hal_cortex.o(.text.HAL_SYSTICK_Config)
    __arm_cp.4_1                             0x08001274   Number         4  stm32f0xx_hal_cortex.o(.text.HAL_SYSTICK_Config)
    __arm_cp.4_2                             0x08001278   Number         4  stm32f0xx_hal_cortex.o(.text.HAL_SYSTICK_Config)
    [Anonymous Symbol]                       0x0800127c   Section        0  stm32f0xx_hal_tim_ex.o(.text.HAL_TIMEx_BreakCallback)
    [Anonymous Symbol]                       0x0800127e   Section        0  stm32f0xx_hal_tim_ex.o(.text.HAL_TIMEx_CommutCallback)
    [Anonymous Symbol]                       0x08001280   Section        0  stm32f0xx_hal_tim_ex.o(.text.HAL_TIMEx_MasterConfigSynchronization)
    [Anonymous Symbol]                       0x080012dc   Section        0  stm32f0xx_hal_tim.o(.text.HAL_TIM_Base_Init)
    __arm_cp.0_0                             0x080013c0   Number         4  stm32f0xx_hal_tim.o(.text.HAL_TIM_Base_Init)
    __arm_cp.0_2                             0x080013c4   Number         4  stm32f0xx_hal_tim.o(.text.HAL_TIM_Base_Init)
    __arm_cp.0_3                             0x080013c8   Number         4  stm32f0xx_hal_tim.o(.text.HAL_TIM_Base_Init)
    __arm_cp.0_4                             0x080013cc   Number         4  stm32f0xx_hal_tim.o(.text.HAL_TIM_Base_Init)
    __arm_cp.0_5                             0x080013d0   Number         4  stm32f0xx_hal_tim.o(.text.HAL_TIM_Base_Init)
    __arm_cp.0_6                             0x080013d4   Number         4  stm32f0xx_hal_tim.o(.text.HAL_TIM_Base_Init)
    __arm_cp.0_7                             0x080013d8   Number         4  stm32f0xx_hal_tim.o(.text.HAL_TIM_Base_Init)
    __arm_cp.0_8                             0x080013dc   Number         4  stm32f0xx_hal_tim.o(.text.HAL_TIM_Base_Init)
    [Anonymous Symbol]                       0x080013e0   Section        0  stm32f0xx_hal_msp.o(.text.HAL_TIM_Base_MspInit)
    __arm_cp.1_0                             0x080014c4   Number         4  stm32f0xx_hal_msp.o(.text.HAL_TIM_Base_MspInit)
    __arm_cp.1_1                             0x080014c8   Number         4  stm32f0xx_hal_msp.o(.text.HAL_TIM_Base_MspInit)
    __arm_cp.1_2                             0x080014cc   Number         4  stm32f0xx_hal_msp.o(.text.HAL_TIM_Base_MspInit)
    [Anonymous Symbol]                       0x080014d0   Section        0  stm32f0xx_hal_tim.o(.text.HAL_TIM_ConfigClockSource)
    __arm_cp.90_0                            0x08001628   Number         4  stm32f0xx_hal_tim.o(.text.HAL_TIM_ConfigClockSource)
    [Anonymous Symbol]                       0x0800162c   Section        0  main.o(.text.HAL_TIM_IC_CaptureCallback)
    __arm_cp.4_0                             0x08001734   Number         4  main.o(.text.HAL_TIM_IC_CaptureCallback)
    __arm_cp.4_1                             0x08001738   Number         4  main.o(.text.HAL_TIM_IC_CaptureCallback)
    __arm_cp.4_2                             0x0800173c   Number         4  main.o(.text.HAL_TIM_IC_CaptureCallback)
    __arm_cp.4_3                             0x08001740   Number         4  main.o(.text.HAL_TIM_IC_CaptureCallback)
    __arm_cp.4_4                             0x08001744   Number         4  main.o(.text.HAL_TIM_IC_CaptureCallback)
    __arm_cp.4_5                             0x08001748   Number         4  main.o(.text.HAL_TIM_IC_CaptureCallback)
    __arm_cp.4_6                             0x0800174c   Number         4  main.o(.text.HAL_TIM_IC_CaptureCallback)
    [Anonymous Symbol]                       0x08001750   Section        0  stm32f0xx_hal_tim.o(.text.HAL_TIM_IC_ConfigChannel)
    __arm_cp.75_0                            0x080018d0   Number         4  stm32f0xx_hal_tim.o(.text.HAL_TIM_IC_ConfigChannel)
    [Anonymous Symbol]                       0x080018d4   Section        0  stm32f0xx_hal_tim.o(.text.HAL_TIM_IC_Init)
    __arm_cp.37_1                            0x080019b8   Number         4  stm32f0xx_hal_tim.o(.text.HAL_TIM_IC_Init)
    __arm_cp.37_3                            0x080019bc   Number         4  stm32f0xx_hal_tim.o(.text.HAL_TIM_IC_Init)
    __arm_cp.37_4                            0x080019c0   Number         4  stm32f0xx_hal_tim.o(.text.HAL_TIM_IC_Init)
    __arm_cp.37_5                            0x080019c4   Number         4  stm32f0xx_hal_tim.o(.text.HAL_TIM_IC_Init)
    __arm_cp.37_7                            0x080019c8   Number         4  stm32f0xx_hal_tim.o(.text.HAL_TIM_IC_Init)
    __arm_cp.37_8                            0x080019cc   Number         4  stm32f0xx_hal_tim.o(.text.HAL_TIM_IC_Init)
    [Anonymous Symbol]                       0x080019d0   Section        0  stm32f0xx_hal_tim.o(.text.HAL_TIM_IC_MspInit)
    [Anonymous Symbol]                       0x080019d4   Section        0  stm32f0xx_hal_tim.o(.text.HAL_TIM_IC_Start_IT)
    __arm_cp.43_0                            0x08001aac   Number         4  stm32f0xx_hal_tim.o(.text.HAL_TIM_IC_Start_IT)
    __arm_cp.43_1                            0x08001ab0   Number         4  stm32f0xx_hal_tim.o(.text.HAL_TIM_IC_Start_IT)
    __arm_cp.43_2                            0x08001ab4   Number         4  stm32f0xx_hal_tim.o(.text.HAL_TIM_IC_Start_IT)
    __arm_cp.43_3                            0x08001ab8   Number         4  stm32f0xx_hal_tim.o(.text.HAL_TIM_IC_Start_IT)
    __arm_cp.43_4                            0x08001abc   Number         4  stm32f0xx_hal_tim.o(.text.HAL_TIM_IC_Start_IT)
    [Anonymous Symbol]                       0x08001ac0   Section        0  stm32f0xx_hal_tim.o(.text.HAL_TIM_IRQHandler)
    [Anonymous Symbol]                       0x08001c7a   Section        0  stm32f0xx_hal_tim.o(.text.HAL_TIM_OC_DelayElapsedCallback)
    [Anonymous Symbol]                       0x08001c7c   Section        0  stm32f0xx_hal_tim.o(.text.HAL_TIM_PWM_PulseFinishedCallback)
    [Anonymous Symbol]                       0x08001c7e   Section        0  stm32f0xx_hal_tim.o(.text.HAL_TIM_PeriodElapsedCallback)
    [Anonymous Symbol]                       0x08001c80   Section        0  stm32f0xx_hal_tim.o(.text.HAL_TIM_ReadCapturedValue)
    [Anonymous Symbol]                       0x08001c96   Section        0  stm32f0xx_hal_tim.o(.text.HAL_TIM_TriggerCallback)
    [Anonymous Symbol]                       0x08001c98   Section        0  stm32f0xx_hal_uart.o(.text.HAL_UART_Init)
    [Anonymous Symbol]                       0x08001d08   Section        0  stm32f0xx_hal_msp.o(.text.HAL_UART_MspInit)
    __arm_cp.3_0                             0x08001d64   Number         4  stm32f0xx_hal_msp.o(.text.HAL_UART_MspInit)
    __arm_cp.3_1                             0x08001d68   Number         4  stm32f0xx_hal_msp.o(.text.HAL_UART_MspInit)
    [Anonymous Symbol]                       0x08001d6c   Section        0  lcm_control.o(.text.HD44780A_Write)
    [Anonymous Symbol]                       0x08001e30   Section        0  stm32f0xx_it.o(.text.HardFault_Handler)
    [Anonymous Symbol]                       0x08001e34   Section        0  lcm_control.o(.text.LCM_Init)
    __arm_cp.5_0                             0x08001ee4   Number         4  lcm_control.o(.text.LCM_Init)
    [Anonymous Symbol]                       0x08001ee8   Section        0  lcm_control.o(.text.LCM_Send_Data)
    [Anonymous Symbol]                       0x08001efa   Section        0  lcm_control.o(.text.LCM_Send_String)
    [Anonymous Symbol]                       0x08001f20   Section        0  lcm_control.o(.text.LCM_Set_Cursor)
    [Anonymous Symbol]                       0x08001f3e   Section        0  stm32f0xx_it.o(.text.NMI_Handler)
    [Anonymous Symbol]                       0x08001f40   Section        0  stm32f0xx_it.o(.text.PendSV_Handler)
    [Anonymous Symbol]                       0x08001f42   Section        0  stm32f0xx_it.o(.text.SVC_Handler)
    [Anonymous Symbol]                       0x08001f44   Section        0  stm32f0xx_it.o(.text.SysTick_Handler)
    [Anonymous Symbol]                       0x08001f4c   Section        0  system_stm32f0xx.o(.text.SystemInit)
    [Anonymous Symbol]                       0x08001f50   Section        0  stm32f0xx_it.o(.text.TIM2_IRQHandler)
    __arm_cp.5_0                             0x08001f5c   Number         4  stm32f0xx_it.o(.text.TIM2_IRQHandler)
    [Anonymous Symbol]                       0x08001f60   Section        0  stm32f0xx_it.o(.text.TIM3_IRQHandler)
    __arm_cp.6_0                             0x08001f6c   Number         4  stm32f0xx_it.o(.text.TIM3_IRQHandler)
    [Anonymous Symbol]                       0x08001f70   Section        0  stm32f0xx_it.o(.text.TIM6_DAC_IRQHandler)
    __arm_cp.7_0                             0x08001f84   Number         4  stm32f0xx_it.o(.text.TIM6_DAC_IRQHandler)
    __arm_cp.7_1                             0x08001f88   Number         4  stm32f0xx_it.o(.text.TIM6_DAC_IRQHandler)
    [Anonymous Symbol]                       0x08001f8c   Section        0  stm32f0xx_hal_uart.o(.text.UART_AdvFeatureConfig)
    [Anonymous Symbol]                       0x08002060   Section        0  stm32f0xx_hal_uart.o(.text.UART_CheckIdleState)
    __arm_cp.4_0                             0x0800212c   Number         4  stm32f0xx_hal_uart.o(.text.UART_CheckIdleState)
    [Anonymous Symbol]                       0x08002130   Section        0  stm32f0xx_hal_uart.o(.text.UART_SetConfig)
    __arm_cp.3_0                             0x08002258   Number         4  stm32f0xx_hal_uart.o(.text.UART_SetConfig)
    __arm_cp.3_1                             0x0800225c   Number         4  stm32f0xx_hal_uart.o(.text.UART_SetConfig)
    __arm_cp.3_2                             0x08002260   Number         4  stm32f0xx_hal_uart.o(.text.UART_SetConfig)
    __arm_cp.3_3                             0x08002264   Number         4  stm32f0xx_hal_uart.o(.text.UART_SetConfig)
    __arm_cp.3_4                             0x08002268   Number         4  stm32f0xx_hal_uart.o(.text.UART_SetConfig)
    __arm_cp.3_5                             0x0800226c   Number         4  stm32f0xx_hal_uart.o(.text.UART_SetConfig)
    __arm_cp.3_6                             0x08002270   Number         4  stm32f0xx_hal_uart.o(.text.UART_SetConfig)
    __arm_cp.3_7                             0x08002274   Number         4  stm32f0xx_hal_uart.o(.text.UART_SetConfig)
    __arm_cp.3_8                             0x08002278   Number         4  stm32f0xx_hal_uart.o(.text.UART_SetConfig)
    __arm_cp.3_9                             0x0800227c   Number         4  stm32f0xx_hal_uart.o(.text.UART_SetConfig)
    [Anonymous Symbol]                       0x08002280   Section        0  stm32f0xx_hal_uart.o(.text.UART_WaitOnFlagUntilTimeout)
    [Anonymous Symbol]                       0x0800243c   Section        0  timer_control.o(.text.delay_us)
    __arm_cp.0_0                             0x08002474   Number         4  timer_control.o(.text.delay_us)
    [Anonymous Symbol]                       0x08002478   Section        0  main.o(.text.main)
    __arm_cp.0_23                            0x080027a4   Number         4  main.o(.text.main)
    __arm_cp.0_25                            0x08002860   Number         4  main.o(.text.main)
    __arm_cp.0_33                            0x08002864   Number         4  main.o(.text.main)
    __arm_cp.0_24                            0x0800286c   Number         4  main.o(.text.main)
    __arm_cp.0_36                            0x080028bc   Number         4  main.o(.text.main)
    __arm_cp.0_37                            0x080028c0   Number         4  main.o(.text.main)
    __arm_cp.0_4                             0x08002970   Number         4  main.o(.text.main)
    __arm_cp.0_5                             0x08002974   Number         4  main.o(.text.main)
    __arm_cp.0_8                             0x08002978   Number         4  main.o(.text.main)
    __arm_cp.0_9                             0x0800297c   Number         4  main.o(.text.main)
    __arm_cp.0_10                            0x08002980   Number         4  main.o(.text.main)
    __arm_cp.0_11                            0x08002984   Number         4  main.o(.text.main)
    __arm_cp.0_20                            0x080029cc   Number         4  main.o(.text.main)
    i.__0snprintf                            0x080029dc   Section        0  printfa.o(i.__0snprintf)
    i.__ARM_clz                              0x08002a14   Section        0  depilogue.o(i.__ARM_clz)
    i.__scatterload_copy                     0x08002a42   Section       14  handlers.o(i.__scatterload_copy)
    i.__scatterload_null                     0x08002a50   Section        2  handlers.o(i.__scatterload_null)
    i.__scatterload_zeroinit                 0x08002a52   Section       14  handlers.o(i.__scatterload_zeroinit)
    _fp_digits                               0x08002a61   Thumb Code   344  printfa.o(i._fp_digits)
    i._fp_digits                             0x08002a60   Section        0  printfa.o(i._fp_digits)
    _printf_core                             0x08002bd5   Thumb Code  1754  printfa.o(i._printf_core)
    i._printf_core                           0x08002bd4   Section        0  printfa.o(i._printf_core)
    _printf_post_padding                     0x080032c1   Thumb Code    32  printfa.o(i._printf_post_padding)
    i._printf_post_padding                   0x080032c0   Section        0  printfa.o(i._printf_post_padding)
    _printf_pre_padding                      0x080032e1   Thumb Code    44  printfa.o(i._printf_pre_padding)
    i._printf_pre_padding                    0x080032e0   Section        0  printfa.o(i._printf_pre_padding)
    _snputc                                  0x0800330d   Thumb Code    22  printfa.o(i._snputc)
    i._snputc                                0x0800330c   Section        0  printfa.o(i._snputc)
    i.malloc                                 0x08003324   Section        0  malloc.o(i.malloc)
    [Anonymous Symbol]                       0x080033a8   Section        0  stm32f0xx_hal_tim.o(.rodata.cst16)
    HAL_RCC_GetSysClockFreq.aPLLMULFactorTable 0x080033d8   Data          16  stm32f0xx_hal_rcc.o(.rodata.cst16)
    [Anonymous Symbol]                       0x080033d8   Section        0  stm32f0xx_hal_rcc.o(.rodata.cst16)
    HAL_RCC_GetSysClockFreq.aPredivFactorTable 0x080033e8   Data          16  stm32f0xx_hal_rcc.o(.rodata.cst16)
    [Anonymous Symbol]                       0x080033f8   Section        0  stm32f0xx_hal_uart.o(.rodata.cst16)
    .data                                    0x20000000   Section        4  mvars.o(.data)
    .data                                    0x20000004   Section        4  mvars.o(.data)
    [Anonymous Symbol]                       0x20000008   Section        0  stm32f0xx_hal.o(.data..L_MergedGlobals)
    [Anonymous Symbol]                       0x20000018   Section        0  main.o(.bss..L_MergedGlobals)
    main.last_trigger_tick                   0x2000003c   Data           4  main.o(.bss..L_MergedGlobals)
    HEAP                                     0x200001a8   Section      512  startup_stm32f072xb.o(HEAP)
    STACK                                    0x200003a8   Section     1024  startup_stm32f072xb.o(STACK)

    Global Symbols

    Symbol Name                              Value     Ov Type        Size  Object(Section)

    BuildAttributes$$THM_ISAv3M$S$PE$A:L22$X:L11$S22$IEEE1$IW$~IW$USESV6$~STKCKD$USESV7$~SHL$OTIME$ROPI$EBA8$MICROLIB$REQ8$PRES8$EABIv2 0x00000000   Number         0  anon$$obj.o ABSOLUTE
    _printf_a                                0x00000000   Number         0  printfstubs.o ABSOLUTE
    _printf_c                                0x00000000   Number         0  printfstubs.o ABSOLUTE
    _printf_charcount                        0x00000000   Number         0  printfstubs.o ABSOLUTE
    _printf_d                                0x00000000   Number         0  printfstubs.o ABSOLUTE
    _printf_e                                0x00000000   Number         0  printfstubs.o ABSOLUTE
    _printf_f                                0x00000000   Number         0  printfstubs.o ABSOLUTE
    _printf_flags                            0x00000000   Number         0  printfstubs.o ABSOLUTE
    _printf_fp_dec                           0x00000000   Number         0  printfstubs.o ABSOLUTE
    _printf_fp_hex                           0x00000000   Number         0  printfstubs.o ABSOLUTE
    _printf_g                                0x00000000   Number         0  printfstubs.o ABSOLUTE
    _printf_i                                0x00000000   Number         0  printfstubs.o ABSOLUTE
    _printf_int_dec                          0x00000000   Number         0  printfstubs.o ABSOLUTE
    _printf_l                                0x00000000   Number         0  printfstubs.o ABSOLUTE
    _printf_lc                               0x00000000   Number         0  printfstubs.o ABSOLUTE
    _printf_ll                               0x00000000   Number         0  printfstubs.o ABSOLUTE
    _printf_lld                              0x00000000   Number         0  printfstubs.o ABSOLUTE
    _printf_lli                              0x00000000   Number         0  printfstubs.o ABSOLUTE
    _printf_llo                              0x00000000   Number         0  printfstubs.o ABSOLUTE
    _printf_llu                              0x00000000   Number         0  printfstubs.o ABSOLUTE
    _printf_llx                              0x00000000   Number         0  printfstubs.o ABSOLUTE
    _printf_longlong_dec                     0x00000000   Number         0  printfstubs.o ABSOLUTE
    _printf_longlong_hex                     0x00000000   Number         0  printfstubs.o ABSOLUTE
    _printf_longlong_oct                     0x00000000   Number         0  printfstubs.o ABSOLUTE
    _printf_ls                               0x00000000   Number         0  printfstubs.o ABSOLUTE
    _printf_mbtowc                           0x00000000   Number         0  printfstubs.o ABSOLUTE
    _printf_n                                0x00000000   Number         0  printfstubs.o ABSOLUTE
    _printf_o                                0x00000000   Number         0  printfstubs.o ABSOLUTE
    _printf_p                                0x00000000   Number         0  printfstubs.o ABSOLUTE
    _printf_percent                          0x00000000   Number         0  printfstubs.o ABSOLUTE
    _printf_pre_padding                      0x00000000   Number         0  printfstubs.o ABSOLUTE
    _printf_return_value                     0x00000000   Number         0  printfstubs.o ABSOLUTE
    _printf_s                                0x00000000   Number         0  printfstubs.o ABSOLUTE
    _printf_sizespec                         0x00000000   Number         0  printfstubs.o ABSOLUTE
    _printf_str                              0x00000000   Number         0  printfstubs.o ABSOLUTE
    _printf_truncate_signed                  0x00000000   Number         0  printfstubs.o ABSOLUTE
    _printf_truncate_unsigned                0x00000000   Number         0  printfstubs.o ABSOLUTE
    _printf_u                                0x00000000   Number         0  printfstubs.o ABSOLUTE
    _printf_wc                               0x00000000   Number         0  printfstubs.o ABSOLUTE
    _printf_wctomb                           0x00000000   Number         0  printfstubs.o ABSOLUTE
    _printf_widthprec                        0x00000000   Number         0  printfstubs.o ABSOLUTE
    _printf_x                                0x00000000   Number         0  printfstubs.o ABSOLUTE
    __cpp_initialize__aeabi_                  - Undefined Weak Reference
    __cxa_finalize                            - Undefined Weak Reference
    __decompress                              - Undefined Weak Reference
    _clock_init                               - Undefined Weak Reference
    _microlib_exit                            - Undefined Weak Reference
    __Vectors_Size                           0x000000c0   Number         0  startup_stm32f072xb.o ABSOLUTE
    __Vectors                                0x08000000   Data           4  startup_stm32f072xb.o(RESET)
    __Vectors_End                            0x080000c0   Data           0  startup_stm32f072xb.o(RESET)
    __main                                   0x080000c1   Thumb Code     0  entry.o(.ARM.Collect$$$$00000000)
    _main_stk                                0x080000c1   Thumb Code     0  entry2.o(.ARM.Collect$$$$00000001)
    _main_scatterload                        0x080000c5   Thumb Code     0  entry5.o(.ARM.Collect$$$$00000004)
    __main_after_scatterload                 0x080000c9   Thumb Code     0  entry5.o(.ARM.Collect$$$$00000004)
    _main_clock                              0x080000c9   Thumb Code     0  entry7b.o(.ARM.Collect$$$$00000008)
    _main_cpp_init                           0x080000c9   Thumb Code     0  entry8b.o(.ARM.Collect$$$$0000000A)
    _main_init                               0x080000c9   Thumb Code     0  entry9a.o(.ARM.Collect$$$$0000000B)
    __rt_final_cpp                           0x080000d1   Thumb Code     0  entry10a.o(.ARM.Collect$$$$0000000D)
    __rt_final_exit                          0x080000d1   Thumb Code     0  entry11a.o(.ARM.Collect$$$$0000000F)
    Reset_Handler                            0x080000d5   Thumb Code     8  startup_stm32f072xb.o(.text)
    ADC1_COMP_IRQHandler                     0x080000e7   Thumb Code     0  startup_stm32f072xb.o(.text)
    CEC_CAN_IRQHandler                       0x080000e7   Thumb Code     0  startup_stm32f072xb.o(.text)
    DMA1_Channel1_IRQHandler                 0x080000e7   Thumb Code     0  startup_stm32f072xb.o(.text)
    DMA1_Channel2_3_IRQHandler               0x080000e7   Thumb Code     0  startup_stm32f072xb.o(.text)
    DMA1_Channel4_5_6_7_IRQHandler           0x080000e7   Thumb Code     0  startup_stm32f072xb.o(.text)
    EXTI0_1_IRQHandler                       0x080000e7   Thumb Code     0  startup_stm32f072xb.o(.text)
    EXTI2_3_IRQHandler                       0x080000e7   Thumb Code     0  startup_stm32f072xb.o(.text)
    EXTI4_15_IRQHandler                      0x080000e7   Thumb Code     0  startup_stm32f072xb.o(.text)
    FLASH_IRQHandler                         0x080000e7   Thumb Code     0  startup_stm32f072xb.o(.text)
    I2C1_IRQHandler                          0x080000e7   Thumb Code     0  startup_stm32f072xb.o(.text)
    I2C2_IRQHandler                          0x080000e7   Thumb Code     0  startup_stm32f072xb.o(.text)
    PVD_VDDIO2_IRQHandler                    0x080000e7   Thumb Code     0  startup_stm32f072xb.o(.text)
    RCC_CRS_IRQHandler                       0x080000e7   Thumb Code     0  startup_stm32f072xb.o(.text)
    RTC_IRQHandler                           0x080000e7   Thumb Code     0  startup_stm32f072xb.o(.text)
    SPI1_IRQHandler                          0x080000e7   Thumb Code     0  startup_stm32f072xb.o(.text)
    SPI2_IRQHandler                          0x080000e7   Thumb Code     0  startup_stm32f072xb.o(.text)
    TIM14_IRQHandler                         0x080000e7   Thumb Code     0  startup_stm32f072xb.o(.text)
    TIM15_IRQHandler                         0x080000e7   Thumb Code     0  startup_stm32f072xb.o(.text)
    TIM16_IRQHandler                         0x080000e7   Thumb Code     0  startup_stm32f072xb.o(.text)
    TIM17_IRQHandler                         0x080000e7   Thumb Code     0  startup_stm32f072xb.o(.text)
    TIM1_BRK_UP_TRG_COM_IRQHandler           0x080000e7   Thumb Code     0  startup_stm32f072xb.o(.text)
    TIM1_CC_IRQHandler                       0x080000e7   Thumb Code     0  startup_stm32f072xb.o(.text)
    TIM7_IRQHandler                          0x080000e7   Thumb Code     0  startup_stm32f072xb.o(.text)
    TSC_IRQHandler                           0x080000e7   Thumb Code     0  startup_stm32f072xb.o(.text)
    USART1_IRQHandler                        0x080000e7   Thumb Code     0  startup_stm32f072xb.o(.text)
    USART2_IRQHandler                        0x080000e7   Thumb Code     0  startup_stm32f072xb.o(.text)
    USART3_4_IRQHandler                      0x080000e7   Thumb Code     0  startup_stm32f072xb.o(.text)
    USB_IRQHandler                           0x080000e7   Thumb Code     0  startup_stm32f072xb.o(.text)
    WWDG_IRQHandler                          0x080000e7   Thumb Code     0  startup_stm32f072xb.o(.text)
    __aeabi_memset                           0x080000f1   Thumb Code    14  memseta.o(.text)
    __aeabi_memset4                          0x080000f1   Thumb Code     0  memseta.o(.text)
    __aeabi_memset8                          0x080000f1   Thumb Code     0  memseta.o(.text)
    __aeabi_memclr                           0x080000ff   Thumb Code     4  memseta.o(.text)
    __aeabi_memclr4                          0x080000ff   Thumb Code     0  memseta.o(.text)
    __aeabi_memclr8                          0x080000ff   Thumb Code     0  memseta.o(.text)
    _memset$wrapper                          0x08000103   Thumb Code    18  memseta.o(.text)
    __aeabi_fdiv                             0x08000115   Thumb Code   124  fdiv.o(.text)
    __aeabi_ui2f                             0x08000191   Thumb Code    14  ffltui.o(.text)
    __aeabi_f2d                              0x0800019f   Thumb Code    40  f2d.o(.text)
    __aeabi_uidiv                            0x080001c7   Thumb Code     0  uidiv_div0.o(.text)
    __aeabi_uidivmod                         0x080001c7   Thumb Code    62  uidiv_div0.o(.text)
    __aeabi_uldivmod                         0x08000205   Thumb Code    96  uldiv.o(.text)
    __I$use$fp                               0x08000265   Thumb Code     0  iusefp.o(.text)
    _float_round                             0x08000265   Thumb Code    16  fepilogue.o(.text)
    _float_epilogue                          0x08000275   Thumb Code   114  fepilogue.o(.text)
    __aeabi_dadd                             0x080002e9   Thumb Code   328  dadd.o(.text)
    __aeabi_dsub                             0x08000431   Thumb Code    12  dadd.o(.text)
    __aeabi_drsub                            0x0800043d   Thumb Code    12  dadd.o(.text)
    __aeabi_dmul                             0x0800044d   Thumb Code   202  dmul.o(.text)
    __aeabi_ddiv                             0x0800051d   Thumb Code   234  ddiv.o(.text)
    __aeabi_d2ulz                            0x0800060d   Thumb Code    54  dfixul.o(.text)
    __aeabi_cdrcmple                         0x0800064d   Thumb Code    38  cdrcmple.o(.text)
    __scatterload                            0x08000675   Thumb Code    38  init.o(.text)
    __scatterload_rt2                        0x08000675   Thumb Code     0  init.o(.text)
    __aeabi_llsl                             0x080006a5   Thumb Code    32  llshl.o(.text)
    _ll_shift_l                              0x080006a5   Thumb Code     0  llshl.o(.text)
    __aeabi_llsr                             0x080006c5   Thumb Code    34  llushr.o(.text)
    _ll_ushift_r                             0x080006c5   Thumb Code     0  llushr.o(.text)
    __aeabi_lasr                             0x080006e7   Thumb Code    38  llsshr.o(.text)
    _ll_sshift_r                             0x080006e7   Thumb Code     0  llsshr.o(.text)
    _double_round                            0x0800070d   Thumb Code    26  depilogue.o(.text)
    _double_epilogue                         0x08000727   Thumb Code   164  depilogue.o(.text)
    HAL_Delay                                0x080007cd   Thumb Code    32  stm32f0xx_hal.o(.text.HAL_Delay)
    HAL_GPIO_Init                            0x080007ed   Thumb Code   400  stm32f0xx_hal_gpio.o(.text.HAL_GPIO_Init)
    HAL_GPIO_WritePin                        0x08000989   Thumb Code    16  stm32f0xx_hal_gpio.o(.text.HAL_GPIO_WritePin)
    HAL_GetTick                              0x08000999   Thumb Code     8  stm32f0xx_hal.o(.text.HAL_GetTick)
    HAL_IncTick                              0x080009a1   Thumb Code    16  stm32f0xx_hal.o(.text.HAL_IncTick)
    HAL_Init                                 0x080009b5   Thumb Code    28  stm32f0xx_hal.o(.text.HAL_Init)
    HAL_InitTick                             0x080009d1   Thumb Code    60  stm32f0xx_hal.o(.text.HAL_InitTick)
    HAL_MspInit                              0x08000a11   Thumb Code    40  stm32f0xx_hal_msp.o(.text.HAL_MspInit)
    HAL_NVIC_EnableIRQ                       0x08000a3d   Thumb Code    20  stm32f0xx_hal_cortex.o(.text.HAL_NVIC_EnableIRQ)
    HAL_NVIC_SetPriority                     0x08000a55   Thumb Code    48  stm32f0xx_hal_cortex.o(.text.HAL_NVIC_SetPriority)
    HAL_RCCEx_PeriphCLKConfig                0x08000a8d   Thumb Code   316  stm32f0xx_hal_rcc_ex.o(.text.HAL_RCCEx_PeriphCLKConfig)
    HAL_RCC_ClockConfig                      0x08000bd5   Thumb Code   344  stm32f0xx_hal_rcc.o(.text.HAL_RCC_ClockConfig)
    HAL_RCC_GetPCLK1Freq                     0x08000d39   Thumb Code    20  stm32f0xx_hal_rcc.o(.text.HAL_RCC_GetPCLK1Freq)
    HAL_RCC_GetSysClockFreq                  0x08000d55   Thumb Code    76  stm32f0xx_hal_rcc.o(.text.HAL_RCC_GetSysClockFreq)
    HAL_RCC_OscConfig                        0x08000db5   Thumb Code  1164  stm32f0xx_hal_rcc.o(.text.HAL_RCC_OscConfig)
    HAL_SYSTICK_Config                       0x08001249   Thumb Code    40  stm32f0xx_hal_cortex.o(.text.HAL_SYSTICK_Config)
    HAL_TIMEx_BreakCallback                  0x0800127d   Thumb Code     2  stm32f0xx_hal_tim_ex.o(.text.HAL_TIMEx_BreakCallback)
    HAL_TIMEx_CommutCallback                 0x0800127f   Thumb Code     2  stm32f0xx_hal_tim_ex.o(.text.HAL_TIMEx_CommutCallback)
    HAL_TIMEx_MasterConfigSynchronization    0x08001281   Thumb Code    92  stm32f0xx_hal_tim_ex.o(.text.HAL_TIMEx_MasterConfigSynchronization)
    HAL_TIM_Base_Init                        0x080012dd   Thumb Code   228  stm32f0xx_hal_tim.o(.text.HAL_TIM_Base_Init)
    HAL_TIM_Base_MspInit                     0x080013e1   Thumb Code   228  stm32f0xx_hal_msp.o(.text.HAL_TIM_Base_MspInit)
    HAL_TIM_ConfigClockSource                0x080014d1   Thumb Code   344  stm32f0xx_hal_tim.o(.text.HAL_TIM_ConfigClockSource)
    HAL_TIM_IC_CaptureCallback               0x0800162d   Thumb Code   264  main.o(.text.HAL_TIM_IC_CaptureCallback)
    HAL_TIM_IC_ConfigChannel                 0x08001751   Thumb Code   384  stm32f0xx_hal_tim.o(.text.HAL_TIM_IC_ConfigChannel)
    HAL_TIM_IC_Init                          0x080018d5   Thumb Code   228  stm32f0xx_hal_tim.o(.text.HAL_TIM_IC_Init)
    HAL_TIM_IC_MspInit                       0x080019d1   Thumb Code     2  stm32f0xx_hal_tim.o(.text.HAL_TIM_IC_MspInit)
    HAL_TIM_IC_Start_IT                      0x080019d5   Thumb Code   216  stm32f0xx_hal_tim.o(.text.HAL_TIM_IC_Start_IT)
    HAL_TIM_IRQHandler                       0x08001ac1   Thumb Code   442  stm32f0xx_hal_tim.o(.text.HAL_TIM_IRQHandler)
    HAL_TIM_OC_DelayElapsedCallback          0x08001c7b   Thumb Code     2  stm32f0xx_hal_tim.o(.text.HAL_TIM_OC_DelayElapsedCallback)
    HAL_TIM_PWM_PulseFinishedCallback        0x08001c7d   Thumb Code     2  stm32f0xx_hal_tim.o(.text.HAL_TIM_PWM_PulseFinishedCallback)
    HAL_TIM_PeriodElapsedCallback            0x08001c7f   Thumb Code     2  stm32f0xx_hal_tim.o(.text.HAL_TIM_PeriodElapsedCallback)
    HAL_TIM_ReadCapturedValue                0x08001c81   Thumb Code    22  stm32f0xx_hal_tim.o(.text.HAL_TIM_ReadCapturedValue)
    HAL_TIM_TriggerCallback                  0x08001c97   Thumb Code     2  stm32f0xx_hal_tim.o(.text.HAL_TIM_TriggerCallback)
    HAL_UART_Init                            0x08001c99   Thumb Code   110  stm32f0xx_hal_uart.o(.text.HAL_UART_Init)
    HAL_UART_MspInit                         0x08001d09   Thumb Code    92  stm32f0xx_hal_msp.o(.text.HAL_UART_MspInit)
    HD44780A_Write                           0x08001d6d   Thumb Code   196  lcm_control.o(.text.HD44780A_Write)
    HardFault_Handler                        0x08001e31   Thumb Code     2  stm32f0xx_it.o(.text.HardFault_Handler)
    LCM_Init                                 0x08001e35   Thumb Code   176  lcm_control.o(.text.LCM_Init)
    LCM_Send_Data                            0x08001ee9   Thumb Code    18  lcm_control.o(.text.LCM_Send_Data)
    LCM_Send_String                          0x08001efb   Thumb Code    38  lcm_control.o(.text.LCM_Send_String)
    LCM_Set_Cursor                           0x08001f21   Thumb Code    30  lcm_control.o(.text.LCM_Set_Cursor)
    NMI_Handler                              0x08001f3f   Thumb Code     2  stm32f0xx_it.o(.text.NMI_Handler)
    PendSV_Handler                           0x08001f41   Thumb Code     2  stm32f0xx_it.o(.text.PendSV_Handler)
    SVC_Handler                              0x08001f43   Thumb Code     2  stm32f0xx_it.o(.text.SVC_Handler)
    SysTick_Handler                          0x08001f45   Thumb Code     8  stm32f0xx_it.o(.text.SysTick_Handler)
    SystemInit                               0x08001f4d   Thumb Code     2  system_stm32f0xx.o(.text.SystemInit)
    TIM2_IRQHandler                          0x08001f51   Thumb Code    12  stm32f0xx_it.o(.text.TIM2_IRQHandler)
    TIM3_IRQHandler                          0x08001f61   Thumb Code    12  stm32f0xx_it.o(.text.TIM3_IRQHandler)
    TIM6_DAC_IRQHandler                      0x08001f71   Thumb Code    20  stm32f0xx_it.o(.text.TIM6_DAC_IRQHandler)
    UART_AdvFeatureConfig                    0x08001f8d   Thumb Code   210  stm32f0xx_hal_uart.o(.text.UART_AdvFeatureConfig)
    UART_CheckIdleState                      0x08002061   Thumb Code   204  stm32f0xx_hal_uart.o(.text.UART_CheckIdleState)
    UART_SetConfig                           0x08002131   Thumb Code   296  stm32f0xx_hal_uart.o(.text.UART_SetConfig)
    UART_WaitOnFlagUntilTimeout              0x08002281   Thumb Code   444  stm32f0xx_hal_uart.o(.text.UART_WaitOnFlagUntilTimeout)
    delay_us                                 0x0800243d   Thumb Code    56  timer_control.o(.text.delay_us)
    main                                     0x08002479   Thumb Code  1272  main.o(.text.main)
    __0snprintf                              0x080029dd   Thumb Code    50  printfa.o(i.__0snprintf)
    __1snprintf                              0x080029dd   Thumb Code     0  printfa.o(i.__0snprintf)
    __2snprintf                              0x080029dd   Thumb Code     0  printfa.o(i.__0snprintf)
    __c89snprintf                            0x080029dd   Thumb Code     0  printfa.o(i.__0snprintf)
    snprintf                                 0x080029dd   Thumb Code     0  printfa.o(i.__0snprintf)
    __ARM_clz                                0x08002a15   Thumb Code    46  depilogue.o(i.__ARM_clz)
    __scatterload_copy                       0x08002a43   Thumb Code    14  handlers.o(i.__scatterload_copy)
    __scatterload_null                       0x08002a51   Thumb Code     2  handlers.o(i.__scatterload_null)
    __scatterload_zeroinit                   0x08002a53   Thumb Code    14  handlers.o(i.__scatterload_zeroinit)
    malloc                                   0x08003325   Thumb Code    92  malloc.o(i.malloc)
    AHBPrescTable                            0x08003390   Data          16  system_stm32f0xx.o(.rodata.AHBPrescTable)
    APBPrescTable                            0x080033a0   Data           8  system_stm32f0xx.o(.rodata.APBPrescTable)
    Region$$Table$$Base                      0x08003408   Number         0  anon$$obj.o(Region$$Table)
    Region$$Table$$Limit                     0x08003428   Number         0  anon$$obj.o(Region$$Table)
    __microlib_freelist                      0x20000000   Data           4  mvars.o(.data)
    __microlib_freelist_initialised          0x20000004   Data           4  mvars.o(.data)
    uwTickFreq                               0x20000008   Data           1  stm32f0xx_hal.o(.data..L_MergedGlobals)
    uwTickPrio                               0x2000000c   Data           4  stm32f0xx_hal.o(.data..L_MergedGlobals)
    SystemCoreClock                          0x20000010   Data           4  system_stm32f0xx.o(.data.SystemCoreClock)
    sr04_is_first_edge                       0x20000014   Data           1  main.o(.data.sr04_is_first_edge)
    bit_count                                0x20000018   Data           1  main.o(.bss..L_MergedGlobals)
    ir_state                                 0x20000019   Data           1  main.o(.bss..L_MergedGlobals)
    ir_ready                                 0x2000001a   Data           1  main.o(.bss..L_MergedGlobals)
    sr04_distance_ready                      0x2000001b   Data           1  main.o(.bss..L_MergedGlobals)
    diff_time                                0x2000001c   Data           4  main.o(.bss..L_MergedGlobals)
    last_capture                             0x20000020   Data           4  main.o(.bss..L_MergedGlobals)
    ir_data                                  0x20000024   Data           4  main.o(.bss..L_MergedGlobals)
    ir_code                                  0x20000028   Data           4  main.o(.bss..L_MergedGlobals)
    sr04_rise_time                           0x2000002c   Data           4  main.o(.bss..L_MergedGlobals)
    sr04_fall_time                           0x20000030   Data           4  main.o(.bss..L_MergedGlobals)
    sr04_echo_duration                       0x20000034   Data           4  main.o(.bss..L_MergedGlobals)
    distance_cm                              0x20000038   Data           4  main.o(.bss..L_MergedGlobals)
    htim2                                    0x20000040   Data          72  main.o(.bss..L_MergedGlobals)
    htim3                                    0x20000088   Data          72  main.o(.bss.htim3)
    htim6                                    0x200000d0   Data          72  main.o(.bss.htim6)
    huart2                                   0x20000118   Data         136  main.o(.bss.huart2)
    timer6_tick                              0x200001a0   Data           4  stm32f0xx_it.o(.bss.timer6_tick)
    uwTick                                   0x200001a4   Data           4  stm32f0xx_hal.o(.bss.uwTick)
    __heap_base                              0x200001a8   Data           0  startup_stm32f072xb.o(HEAP)
    __heap_limit                             0x200003a8   Data           0  startup_stm32f072xb.o(HEAP)
    __initial_sp                             0x200007a8   Data           0  startup_stm32f072xb.o(STACK)



==============================================================================

Memory Map of the image

  Image Entry point : 0x080000c1

  Load Region LR_IROM1 (Base: 0x08000000, Size: 0x00003440, Max: 0x00020000, ABSOLUTE)

    Execution Region ER_IROM1 (Exec base: 0x08000000, Load base: 0x08000000, Size: 0x00003428, Max: 0x00020000, ABSOLUTE)

    Exec Addr    Load Addr    Size         Type   Attr      Idx    E Section Name        Object

    0x08000000   0x08000000   0x000000c0   Data   RO            3    RESET               startup_stm32f072xb.o
    0x080000c0   0x080000c0   0x00000000   Code   RO         1163  * .ARM.Collect$$$$00000000  mc_p.l(entry.o)
    0x080000c0   0x080000c0   0x00000004   Code   RO         1479    .ARM.Collect$$$$00000001  mc_p.l(entry2.o)
    0x080000c4   0x080000c4   0x00000004   Code   RO         1482    .ARM.Collect$$$$00000004  mc_p.l(entry5.o)
    0x080000c8   0x080000c8   0x00000000   Code   RO         1484    .ARM.Collect$$$$00000008  mc_p.l(entry7b.o)
    0x080000c8   0x080000c8   0x00000000   Code   RO         1486    .ARM.Collect$$$$0000000A  mc_p.l(entry8b.o)
    0x080000c8   0x080000c8   0x00000008   Code   RO         1487    .ARM.Collect$$$$0000000B  mc_p.l(entry9a.o)
    0x080000d0   0x080000d0   0x00000000   Code   RO         1489    .ARM.Collect$$$$0000000D  mc_p.l(entry10a.o)
    0x080000d0   0x080000d0   0x00000000   Code   RO         1491    .ARM.Collect$$$$0000000F  mc_p.l(entry11a.o)
    0x080000d0   0x080000d0   0x00000004   Code   RO         1480    .ARM.Collect$$$$00002712  mc_p.l(entry2.o)
    0x080000d4   0x080000d4   0x0000001c   Code   RO            4    .text               startup_stm32f072xb.o
    0x080000f0   0x080000f0   0x00000024   Code   RO         1182    .text               mc_p.l(memseta.o)
    0x08000114   0x08000114   0x0000007c   Code   RO         1473    .text               mf_p.l(fdiv.o)
    0x08000190   0x08000190   0x0000000e   Code   RO         1475    .text               mf_p.l(ffltui.o)
    0x0800019e   0x0800019e   0x00000028   Code   RO         1477    .text               mf_p.l(f2d.o)
    0x080001c6   0x080001c6   0x0000003e   Code   RO         1497    .text               mc_p.l(uidiv_div0.o)
    0x08000204   0x08000204   0x00000060   Code   RO         1503    .text               mc_p.l(uldiv.o)
    0x08000264   0x08000264   0x00000000   Code   RO         1511    .text               mc_p.l(iusefp.o)
    0x08000264   0x08000264   0x00000082   Code   RO         1512    .text               mf_p.l(fepilogue.o)
    0x080002e6   0x080002e6   0x00000002   PAD
    0x080002e8   0x080002e8   0x00000164   Code   RO         1514    .text               mf_p.l(dadd.o)
    0x0800044c   0x0800044c   0x000000d0   Code   RO         1516    .text               mf_p.l(dmul.o)
    0x0800051c   0x0800051c   0x000000f0   Code   RO         1518    .text               mf_p.l(ddiv.o)
    0x0800060c   0x0800060c   0x00000040   Code   RO         1520    .text               mf_p.l(dfixul.o)
    0x0800064c   0x0800064c   0x00000028   Code   RO         1522    .text               mf_p.l(cdrcmple.o)
    0x08000674   0x08000674   0x00000030   Code   RO         1524    .text               mc_p.l(init.o)
    0x080006a4   0x080006a4   0x00000020   Code   RO         1526    .text               mc_p.l(llshl.o)
    0x080006c4   0x080006c4   0x00000022   Code   RO         1528    .text               mc_p.l(llushr.o)
    0x080006e6   0x080006e6   0x00000026   Code   RO         1530    .text               mc_p.l(llsshr.o)
    0x0800070c   0x0800070c   0x000000be   Code   RO         1532    .text               mf_p.l(depilogue.o)
    0x080007ca   0x080007ca   0x00000002   PAD
    0x080007cc   0x080007cc   0x00000020   Code   RO          531    .text.HAL_Delay     stm32f0xx_hal.o
    0x080007ec   0x080007ec   0x0000019c   Code   RO          741    .text.HAL_GPIO_Init  stm32f0xx_hal_gpio.o
    0x08000988   0x08000988   0x00000010   Code   RO          747    .text.HAL_GPIO_WritePin  stm32f0xx_hal_gpio.o
    0x08000998   0x08000998   0x00000008   Code   RO          523    .text.HAL_GetTick   stm32f0xx_hal.o
    0x080009a0   0x080009a0   0x00000014   Code   RO          521    .text.HAL_IncTick   stm32f0xx_hal.o
    0x080009b4   0x080009b4   0x0000001c   Code   RO          511    .text.HAL_Init      stm32f0xx_hal.o
    0x080009d0   0x080009d0   0x00000040   Code   RO          513    .text.HAL_InitTick  stm32f0xx_hal.o
    0x08000a10   0x08000a10   0x0000002c   Code   RO          107    .text.HAL_MspInit   stm32f0xx_hal_msp.o
    0x08000a3c   0x08000a3c   0x00000018   Code   RO          799    .text.HAL_NVIC_EnableIRQ  stm32f0xx_hal_cortex.o
    0x08000a54   0x08000a54   0x00000038   Code   RO          797    .text.HAL_NVIC_SetPriority  stm32f0xx_hal_cortex.o
    0x08000a8c   0x08000a8c   0x00000148   Code   RO          479    .text.HAL_RCCEx_PeriphCLKConfig  stm32f0xx_hal_rcc_ex.o
    0x08000bd4   0x08000bd4   0x00000164   Code   RO          448    .text.HAL_RCC_ClockConfig  stm32f0xx_hal_rcc.o
    0x08000d38   0x08000d38   0x0000001c   Code   RO          460    .text.HAL_RCC_GetPCLK1Freq  stm32f0xx_hal_rcc.o
    0x08000d54   0x08000d54   0x00000060   Code   RO          450    .text.HAL_RCC_GetSysClockFreq  stm32f0xx_hal_rcc.o
    0x08000db4   0x08000db4   0x00000494   Code   RO          446    .text.HAL_RCC_OscConfig  stm32f0xx_hal_rcc.o
    0x08001248   0x08001248   0x00000034   Code   RO          805    .text.HAL_SYSTICK_Config  stm32f0xx_hal_cortex.o
    0x0800127c   0x0800127c   0x00000002   Code   RO          430    .text.HAL_TIMEx_BreakCallback  stm32f0xx_hal_tim_ex.o
    0x0800127e   0x0800127e   0x00000002   Code   RO          426    .text.HAL_TIMEx_CommutCallback  stm32f0xx_hal_tim_ex.o
    0x08001280   0x08001280   0x0000005c   Code   RO          420    .text.HAL_TIMEx_MasterConfigSynchronization  stm32f0xx_hal_tim_ex.o
    0x080012dc   0x080012dc   0x00000104   Code   RO          125    .text.HAL_TIM_Base_Init  stm32f0xx_hal_tim.o
    0x080013e0   0x080013e0   0x000000f0   Code   RO          109    .text.HAL_TIM_Base_MspInit  stm32f0xx_hal_msp.o
    0x080014d0   0x080014d0   0x0000015c   Code   RO          305    .text.HAL_TIM_ConfigClockSource  stm32f0xx_hal_tim.o
    0x0800162c   0x0800162c   0x00000124   Code   RO           67    .text.HAL_TIM_IC_CaptureCallback  main.o
    0x08001750   0x08001750   0x00000184   Code   RO          275    .text.HAL_TIM_IC_ConfigChannel  stm32f0xx_hal_tim.o
    0x080018d4   0x080018d4   0x000000fc   Code   RO          199    .text.HAL_TIM_IC_Init  stm32f0xx_hal_tim.o
    0x080019d0   0x080019d0   0x00000002   Code   RO          201    .text.HAL_TIM_IC_MspInit  stm32f0xx_hal_tim.o
    0x080019d2   0x080019d2   0x00000002   PAD
    0x080019d4   0x080019d4   0x000000ec   Code   RO          211    .text.HAL_TIM_IC_Start_IT  stm32f0xx_hal_tim.o
    0x08001ac0   0x08001ac0   0x000001ba   Code   RO          259    .text.HAL_TIM_IRQHandler  stm32f0xx_hal_tim.o
    0x08001c7a   0x08001c7a   0x00000002   Code   RO          263    .text.HAL_TIM_OC_DelayElapsedCallback  stm32f0xx_hal_tim.o
    0x08001c7c   0x08001c7c   0x00000002   Code   RO          265    .text.HAL_TIM_PWM_PulseFinishedCallback  stm32f0xx_hal_tim.o
    0x08001c7e   0x08001c7e   0x00000002   Code   RO          267    .text.HAL_TIM_PeriodElapsedCallback  stm32f0xx_hal_tim.o
    0x08001c80   0x08001c80   0x00000016   Code   RO          315    .text.HAL_TIM_ReadCapturedValue  stm32f0xx_hal_tim.o
    0x08001c96   0x08001c96   0x00000002   Code   RO          269    .text.HAL_TIM_TriggerCallback  stm32f0xx_hal_tim.o
    0x08001c98   0x08001c98   0x0000006e   Code   RO          968    .text.HAL_UART_Init  stm32f0xx_hal_uart.o
    0x08001d06   0x08001d06   0x00000002   PAD
    0x08001d08   0x08001d08   0x00000064   Code   RO          113    .text.HAL_UART_MspInit  stm32f0xx_hal_msp.o
    0x08001d6c   0x08001d6c   0x000000c4   Code   RO           30    .text.HD44780A_Write  lcm_control.o
    0x08001e30   0x08001e30   0x00000002   Code   RO           85    .text.HardFault_Handler  stm32f0xx_it.o
    0x08001e32   0x08001e32   0x00000002   PAD
    0x08001e34   0x08001e34   0x000000b4   Code   RO           36    .text.LCM_Init      lcm_control.o
    0x08001ee8   0x08001ee8   0x00000012   Code   RO           34    .text.LCM_Send_Data  lcm_control.o
    0x08001efa   0x08001efa   0x00000026   Code   RO           40    .text.LCM_Send_String  lcm_control.o
    0x08001f20   0x08001f20   0x0000001e   Code   RO           38    .text.LCM_Set_Cursor  lcm_control.o
    0x08001f3e   0x08001f3e   0x00000002   Code   RO           83    .text.NMI_Handler   stm32f0xx_it.o
    0x08001f40   0x08001f40   0x00000002   Code   RO           89    .text.PendSV_Handler  stm32f0xx_it.o
    0x08001f42   0x08001f42   0x00000002   Code   RO           87    .text.SVC_Handler   stm32f0xx_it.o
    0x08001f44   0x08001f44   0x00000008   Code   RO           91    .text.SysTick_Handler  stm32f0xx_it.o
    0x08001f4c   0x08001f4c   0x00000002   Code   RO         1131    .text.SystemInit    system_stm32f0xx.o
    0x08001f4e   0x08001f4e   0x00000002   PAD
    0x08001f50   0x08001f50   0x00000010   Code   RO           93    .text.TIM2_IRQHandler  stm32f0xx_it.o
    0x08001f60   0x08001f60   0x00000010   Code   RO           95    .text.TIM3_IRQHandler  stm32f0xx_it.o
    0x08001f70   0x08001f70   0x0000001c   Code   RO           97    .text.TIM6_DAC_IRQHandler  stm32f0xx_it.o
    0x08001f8c   0x08001f8c   0x000000d2   Code   RO          972    .text.UART_AdvFeatureConfig  stm32f0xx_hal_uart.o
    0x0800205e   0x0800205e   0x00000002   PAD
    0x08002060   0x08002060   0x000000d0   Code   RO          976    .text.UART_CheckIdleState  stm32f0xx_hal_uart.o
    0x08002130   0x08002130   0x00000150   Code   RO          974    .text.UART_SetConfig  stm32f0xx_hal_uart.o
    0x08002280   0x08002280   0x000001bc   Code   RO          990    .text.UART_WaitOnFlagUntilTimeout  stm32f0xx_hal_uart.o
    0x0800243c   0x0800243c   0x0000003c   Code   RO           50    .text.delay_us      timer_control.o
    0x08002478   0x08002478   0x00000564   Code   RO           59    .text.main          main.o
    0x080029dc   0x080029dc   0x00000038   Code   RO         1418    i.__0snprintf       mc_p.l(printfa.o)
    0x08002a14   0x08002a14   0x0000002e   Code   RO         1534    i.__ARM_clz         mf_p.l(depilogue.o)
    0x08002a42   0x08002a42   0x0000000e   Code   RO         1538    i.__scatterload_copy  mc_p.l(handlers.o)
    0x08002a50   0x08002a50   0x00000002   Code   RO         1539    i.__scatterload_null  mc_p.l(handlers.o)
    0x08002a52   0x08002a52   0x0000000e   Code   RO         1540    i.__scatterload_zeroinit  mc_p.l(handlers.o)
    0x08002a60   0x08002a60   0x00000174   Code   RO         1424    i._fp_digits        mc_p.l(printfa.o)
    0x08002bd4   0x08002bd4   0x000006ec   Code   RO         1425    i._printf_core      mc_p.l(printfa.o)
    0x080032c0   0x080032c0   0x00000020   Code   RO         1426    i._printf_post_padding  mc_p.l(printfa.o)
    0x080032e0   0x080032e0   0x0000002c   Code   RO         1427    i._printf_pre_padding  mc_p.l(printfa.o)
    0x0800330c   0x0800330c   0x00000016   Code   RO         1428    i._snputc           mc_p.l(printfa.o)
    0x08003322   0x08003322   0x00000002   PAD
    0x08003324   0x08003324   0x0000006c   Code   RO         1446    i.malloc            mc_p.l(malloc.o)
    0x08003390   0x08003390   0x00000010   Data   RO         1136    .rodata.AHBPrescTable  system_stm32f0xx.o
    0x080033a0   0x080033a0   0x00000008   Data   RO         1137    .rodata.APBPrescTable  system_stm32f0xx.o
    0x080033a8   0x080033a8   0x00000030   Data   RO          345    .rodata.cst16       stm32f0xx_hal_tim.o
    0x080033d8   0x080033d8   0x00000020   Data   RO          470    .rodata.cst16       stm32f0xx_hal_rcc.o
    0x080033f8   0x080033f8   0x00000010   Data   RO         1094    .rodata.cst16       stm32f0xx_hal_uart.o
    0x08003408   0x08003408   0x00000020   Data   RO         1537    Region$$Table       anon$$obj.o


    Execution Region RW_IRAM1 (Exec base: 0x20000000, Load base: 0x08003428, Size: 0x000007a8, Max: 0x00004000, ABSOLUTE)

    Exec Addr    Load Addr    Size         Type   Attr      Idx    E Section Name        Object

    0x20000000   0x08003428   0x00000004   Data   RW         1509    .data               mc_p.l(mvars.o)
    0x20000004   0x0800342c   0x00000004   Data   RW         1510    .data               mc_p.l(mvars.o)
    0x20000008   0x08003430   0x00000008   Data   RW          558    .data..L_MergedGlobals  stm32f0xx_hal.o
    0x20000010   0x08003438   0x00000004   Data   RW         1135    .data.SystemCoreClock  system_stm32f0xx.o
    0x20000014   0x0800343c   0x00000001   Data   RW           69    .data.sr04_is_first_edge  main.o
    0x20000015   0x0800343d   0x00000003   PAD
    0x20000018        -       0x00000070   Zero   RW           74    .bss..L_MergedGlobals  main.o
    0x20000088        -       0x00000048   Zero   RW           70    .bss.htim3          main.o
    0x200000d0        -       0x00000048   Zero   RW           71    .bss.htim6          main.o
    0x20000118        -       0x00000088   Zero   RW           72    .bss.huart2         main.o
    0x200001a0        -       0x00000004   Zero   RW           99    .bss.timer6_tick    stm32f0xx_it.o
    0x200001a4        -       0x00000004   Zero   RW          557    .bss.uwTick         stm32f0xx_hal.o
    0x200001a8        -       0x00000200   Zero   RW            2    HEAP                startup_stm32f072xb.o
    0x200003a8        -       0x00000400   Zero   RW            1    STACK               startup_stm32f072xb.o


==============================================================================

Image component sizes


      Code (inc. data)   RO Data    RW Data    ZI Data      Debug   Object Name

       462          4          0          0          0       3192   lcm_control.o
      1672        344          0          1        392      13404   main.o
        28          8        192          0       1536        620   startup_stm32f072xb.o
       152          8          0          8          4       5405   stm32f0xx_hal.o
       132         24          0          0          0       5569   stm32f0xx_hal_cortex.o
       428         12          0          0          0       4958   stm32f0xx_hal_gpio.o
       384         24          0          0          0       7715   stm32f0xx_hal_msp.o
      1652         52         32          0          0       8239   stm32f0xx_hal_rcc.o
       328         12          0          0          0       6524   stm32f0xx_hal_rcc_ex.o
      1958         88         48          0          0      63957   stm32f0xx_hal_tim.o
        96          0          0          0          0      23149   stm32f0xx_hal_tim_ex.o
      1308         64         16          0          0      42019   stm32f0xx_hal_uart.o
        76         16          0          0          4       2556   stm32f0xx_it.o
         2          0         24          4          0       1735   system_stm32f0xx.o
        60          4          0          0          0        692   timer_control.o

    ----------------------------------------------------------------------
      8748        660        344         16       1936     189734   Object Totals
         0          0         32          0          0          0   (incl. Generated)
        10          0          0          3          0          0   (incl. Padding)

    ----------------------------------------------------------------------

      Code (inc. data)   RO Data    RW Data    ZI Data      Debug   Library Member Name

         0          0          0          0          0          0   entry.o
         0          0          0          0          0          0   entry10a.o
         0          0          0          0          0          0   entry11a.o
         8          4          0          0          0          0   entry2.o
         4          0          0          0          0          0   entry5.o
         0          0          0          0          0          0   entry7b.o
         0          0          0          0          0          0   entry8b.o
         8          4          0          0          0          0   entry9a.o
        30          0          0          0          0          0   handlers.o
        48         10          0          0          0         68   init.o
         0          0          0          0          0          0   iusefp.o
        32          0          0          0          0         68   llshl.o
        38          0          0          0          0         68   llsshr.o
        34          0          0          0          0         68   llushr.o
       108         16          0          0          0         76   malloc.o
        36          0          0          0          0        100   memseta.o
         0          0          0          8          0          0   mvars.o
      2298         96          0          0          0        480   printfa.o
        62          0          0          0          0         72   uidiv_div0.o
        96          0          0          0          0         84   uldiv.o
        40          2          0          0          0         68   cdrcmple.o
       356          4          0          0          0        140   dadd.o
       240          6          0          0          0         84   ddiv.o
       236          0          0          0          0        216   depilogue.o
        64         10          0          0          0         68   dfixul.o
       208          6          0          0          0         88   dmul.o
        40          0          0          0          0         60   f2d.o
       124          0          0          0          0         72   fdiv.o
       130          0          0          0          0        144   fepilogue.o
        14          0          0          0          0         68   ffltui.o

    ----------------------------------------------------------------------
      4260        158          0          8          0       2092   Library Totals
         6          0          0          0          0          0   (incl. Padding)

    ----------------------------------------------------------------------

      Code (inc. data)   RO Data    RW Data    ZI Data      Debug   Library Name

      2802        130          0          8          0       1084   mc_p.l
      1452         28          0          0          0       1008   mf_p.l

    ----------------------------------------------------------------------
      4260        158          0          8          0       2092   Library Totals

    ----------------------------------------------------------------------

==============================================================================


      Code (inc. data)   RO Data    RW Data    ZI Data      Debug   

     13008        818        344         24       1936     190698   Grand Totals
     13008        818        344         24       1936     190698   ELF Image Totals
     13008        818        344         24          0          0   ROM Totals

==============================================================================

    Total RO  Size (Code + RO Data)                13352 (  13.04kB)
    Total RW  Size (RW Data + ZI Data)              1960 (   1.91kB)
    Total ROM Size (Code + RO Data + RW Data)      13376 (  13.06kB)

==============================================================================

