<html>
<body>
<pre>
<h1>µVision Build Log</h1>
<h2>Tool Versions:</h2>
IDE-Version: £gVision V5.40.0.0
Copyright (C) 2024 ARM Ltd and ARM Germany GmbH. All rights reserved.
License Information: ss ss, s, LIC=----
 
Tool Versions:
Toolchain:       MDK-Lite  Version: 5.40.0.3
Toolchain Path:  C:\Users\a0920\AppData\Local\Keil_v5\ARM\ARMCLANG\Bin
C Compiler:      ArmClang.exe V6.22
Assembler:       Armasm.exe V6.22
Linker/Locator:  ArmLink.exe V6.22
Library Manager: ArmAr.exe V6.22
Hex Converter:   FromElf.exe V6.22
CPU DLL:         SARMCM3.DLL V5.40.0.3
Dialog DLL:      DARMCM1.DLL V1.19.6.0
Target DLL:      STLink\ST-LINKIII-KEIL_SWO.dll V3.3.0.0
Dialog DLL:      TARMCM1.DLL V1.14.6.0
 
<h2>Project:</h2>
D:\side-project\iot_example_class_m0\NEC_CONTROL\MDK-ARM\NEC_CONTROL.uvprojx
Project File Date:  05/29/2026

<h2>Output:</h2>
*** Using Compiler 'V6.22', folder: 'C:\Users\a0920\AppData\Local\Keil_v5\ARM\ARMCLANG\Bin'
Build target 'NEC_CONTROL'
compiling main.c...
linking...
Program Size: Code=13008 RO-data=344 RW-data=24 ZI-data=1936  
FromELF: creating hex file...
"NEC_CONTROL\NEC_CONTROL.axf" - 0 Error(s), 0 Warning(s).

<h2>Software Packages used:</h2>

Package Vendor: ARM
                https://www.keil.com/pack/ARM.CMSIS.6.1.0.pack
                ARM::CMSIS@6.1.0
                CMSIS (Common Microcontroller Software Interface Standard)
   * Component: CORE Version: 6.1.0

Package Vendor: ARM
                https://www.keil.com/pack/ARM.CMSIS-Compiler.2.2.0.pack
                ARM::CMSIS-Compiler@2.2.0
                CMSIS Compiler extensions for Arm Compiler, GCC, Clang, and IAR Compiler
   * Component: STDOUT Version: 1.1.0
   * Component: CORE Version: 1.2.0
   * Component: Custom Version: 1.1.0

Package Vendor: Keil
                https://www.keil.com/pack/Keil.STM32F0xx_DFP.3.1.1.pack
                Keil::STM32F0xx_DFP@3.1.1
                STMicroelectronics STM32F0 Series Device Support

<h2>Collection of Component include folders:</h2>
  ./RTE/_NEC_CONTROL
  C:/Users/a0920/AppData/Local/Arm/Packs/ARM/CMSIS-Compiler/2.2.0/include
  C:/Users/a0920/AppData/Local/Arm/Packs/ARM/CMSIS/6.1.0/CMSIS/Core/Include

<h2>Collection of Component Files used:</h2>

   * Component: ::CMSIS-Compiler:STDOUT(API)@1.1.0
      Include file:  include/retarget_stdout.h

   * Component: ARM::CMSIS-Compiler:CORE@1.2.0
      Source file:   source/core/armcc/retarget_io.c

   * Component: ARM::CMSIS-Compiler:STDOUT:Custom@1.1.0
      Source file:   template/stdio/stdout_user.c

   * Component: ARM::CMSIS:CORE@6.1.0
      Include file:  CMSIS/Core/Include/tz_context.h
Build Time Elapsed:  00:00:01
</pre>
</body>
</html>
